Archive member included to satisfy reference by file (symbol)

/home/brandenpalmer/coreboot/util/crossgcc/xgcc/lib/gcc/i386-elf/11.2.0/libgcc.a(_divdi3.o)
                              build/postcar/lib/gcc.o (__divdi3)
/home/brandenpalmer/coreboot/util/crossgcc/xgcc/lib/gcc/i386-elf/11.2.0/libgcc.a(_moddi3.o)
                              build/postcar/lib/gcc.o (__moddi3)
/home/brandenpalmer/coreboot/util/crossgcc/xgcc/lib/gcc/i386-elf/11.2.0/libgcc.a(_udivdi3.o)
                              build/postcar/lib/gcc.o (__udivdi3)
/home/brandenpalmer/coreboot/util/crossgcc/xgcc/lib/gcc/i386-elf/11.2.0/libgcc.a(_umoddi3.o)
                              build/postcar/lib/gcc.o (__umoddi3)
/home/brandenpalmer/coreboot/util/crossgcc/xgcc/lib/gcc/i386-elf/11.2.0/libgcc.a(_udivmoddi4.o)
                              build/postcar/console/vtxprintf.o (__udivmoddi4)

Discarded input sections

 .text          0x0000000000000000        0x0 build/postcar/mainboard/lenovo/x230/static.o
 .data          0x0000000000000000        0x0 build/postcar/mainboard/lenovo/x230/static.o
 .bss           0x0000000000000000        0x0 build/postcar/mainboard/lenovo/x230/static.o
 .rodata.__pnp_00ff_02
                0x0000000000000000        0x4 build/postcar/mainboard/lenovo/x230/static.o
 .rodata.__pnp_0c31_00
                0x0000000000000000        0x4 build/postcar/mainboard/lenovo/x230/static.o
 .rodata.__pnp_00ff_01
                0x0000000000000000        0x4 build/postcar/mainboard/lenovo/x230/static.o
 .rodata.__pci_0_1f_6_config
                0x0000000000000000        0x4 build/postcar/mainboard/lenovo/x230/static.o
 .rodata.__pci_0_1f_6
                0x0000000000000000        0x4 build/postcar/mainboard/lenovo/x230/static.o
 .rodata.__pci_0_1f_5_config
                0x0000000000000000        0x4 build/postcar/mainboard/lenovo/x230/static.o
 .rodata.__pci_0_1f_5
                0x0000000000000000        0x4 build/postcar/mainboard/lenovo/x230/static.o
 .rodata.__pci_0_1f_3_config
                0x0000000000000000        0x4 build/postcar/mainboard/lenovo/x230/static.o
 .rodata.__pci_0_1f_3
                0x0000000000000000        0x4 build/postcar/mainboard/lenovo/x230/static.o
 .rodata.__pci_0_1f_2_config
                0x0000000000000000        0x4 build/postcar/mainboard/lenovo/x230/static.o
 .rodata.__pci_0_1f_2
                0x0000000000000000        0x4 build/postcar/mainboard/lenovo/x230/static.o
 .rodata.__pci_0_1f_0_config
                0x0000000000000000        0x4 build/postcar/mainboard/lenovo/x230/static.o
 .rodata.__pci_0_1f_0
                0x0000000000000000        0x4 build/postcar/mainboard/lenovo/x230/static.o
 .rodata.__pci_0_1e_0_config
                0x0000000000000000        0x4 build/postcar/mainboard/lenovo/x230/static.o
 .rodata.__pci_0_1e_0
                0x0000000000000000        0x4 build/postcar/mainboard/lenovo/x230/static.o
 .rodata.__pci_0_1d_0_config
                0x0000000000000000        0x4 build/postcar/mainboard/lenovo/x230/static.o
 .rodata.__pci_0_1d_0
                0x0000000000000000        0x4 build/postcar/mainboard/lenovo/x230/static.o
 .rodata.__pci_0_1c_7_config
                0x0000000000000000        0x4 build/postcar/mainboard/lenovo/x230/static.o
 .rodata.__pci_0_1c_7
                0x0000000000000000        0x4 build/postcar/mainboard/lenovo/x230/static.o
 .rodata.__pci_0_1c_6_config
                0x0000000000000000        0x4 build/postcar/mainboard/lenovo/x230/static.o
 .rodata.__pci_0_1c_6
                0x0000000000000000        0x4 build/postcar/mainboard/lenovo/x230/static.o
 .rodata.__pci_0_1c_5_config
                0x0000000000000000        0x4 build/postcar/mainboard/lenovo/x230/static.o
 .rodata.__pci_0_1c_5
                0x0000000000000000        0x4 build/postcar/mainboard/lenovo/x230/static.o
 .rodata.__pci_0_1c_4_config
                0x0000000000000000        0x4 build/postcar/mainboard/lenovo/x230/static.o
 .rodata.__pci_0_1c_4
                0x0000000000000000        0x4 build/postcar/mainboard/lenovo/x230/static.o
 .rodata.__pci_0_1c_3_config
                0x0000000000000000        0x4 build/postcar/mainboard/lenovo/x230/static.o
 .rodata.__pci_0_1c_3
                0x0000000000000000        0x4 build/postcar/mainboard/lenovo/x230/static.o
 .rodata.__pci_0_1c_2_config
                0x0000000000000000        0x4 build/postcar/mainboard/lenovo/x230/static.o
 .rodata.__pci_0_1c_2
                0x0000000000000000        0x4 build/postcar/mainboard/lenovo/x230/static.o
 .rodata.__pci_0_1c_1_config
                0x0000000000000000        0x4 build/postcar/mainboard/lenovo/x230/static.o
 .rodata.__pci_0_1c_1
                0x0000000000000000        0x4 build/postcar/mainboard/lenovo/x230/static.o
 .rodata.__pci_0_1c_0_config
                0x0000000000000000        0x4 build/postcar/mainboard/lenovo/x230/static.o
 .rodata.__pci_0_1c_0
[...]
Memory Configuration

Name             Origin             Length             Attributes
*default*        0x0000000000000000 0xffffffffffffffff

Linker script and memory map

START GROUP
LOAD build/postcar/mainboard/lenovo/x230/static.o
LOAD build/postcar/acpi/acpi_pm.o
LOAD build/postcar/arch/x86/boot.o
LOAD build/postcar/arch/x86/cf9_reset.o
LOAD build/postcar/arch/x86/cpu_common.o
LOAD build/postcar/arch/x86/exit_car.o
LOAD build/postcar/arch/x86/gdt_init.o
LOAD build/postcar/arch/x86/memcpy.o
LOAD build/postcar/arch/x86/memmove.o
LOAD build/postcar/arch/x86/memset.o
LOAD build/postcar/arch/x86/mmap_boot.o
LOAD build/postcar/arch/x86/post.o
LOAD build/postcar/arch/x86/postcar.o
LOAD build/postcar/arch/x86/timestamp.o
LOAD build/postcar/commonlib/bsd/cbfs_mcache.o
LOAD build/postcar/commonlib/bsd/cbfs_private.o
LOAD build/postcar/commonlib/bsd/lz4_wrapper.o
LOAD build/postcar/commonlib/iobuf.o
LOAD build/postcar/commonlib/mem_pool.o
LOAD build/postcar/commonlib/region.o
LOAD build/postcar/console/console.o
LOAD build/postcar/console/die.o
LOAD build/postcar/console/init.o
LOAD build/postcar/console/post.o
LOAD build/postcar/console/printk.o
LOAD build/postcar/console/vsprintf.o
LOAD build/postcar/console/vtxprintf.o
LOAD build/postcar/cpu/intel/car/non-evict/exit_car.o
LOAD build/postcar/cpu/intel/common/fsb.o
LOAD build/postcar/cpu/x86/lapic/boot_cpu.o
LOAD build/postcar/cpu/x86/lapic/lapic.o
LOAD build/postcar/cpu/x86/mtrr/debug.o
LOAD build/postcar/cpu/x86/pae/pgtbl.o
LOAD build/postcar/cpu/x86/smm/tseg_region.o
LOAD build/postcar/cpu/x86/tsc/delay_tsc.o
LOAD build/postcar/device/device_const.o
LOAD build/postcar/device/pci_early.o
LOAD build/postcar/device/pci_ops.o
LOAD build/postcar/drivers/pc80/pc/i8254.o
LOAD build/postcar/drivers/pc80/rtc/mc146818rtc.o
LOAD build/postcar/drivers/pc80/rtc/mc146818rtc_boot.o
LOAD build/postcar/drivers/pc80/tpm/tis.o
LOAD build/postcar/drivers/spi/adesto.o
LOAD build/postcar/drivers/spi/amic.o
LOAD build/postcar/drivers/spi/atmel.o
LOAD build/postcar/drivers/spi/bitbang.o
LOAD build/postcar/drivers/spi/eon.o
LOAD build/postcar/drivers/spi/gigadevice.o
LOAD build/postcar/drivers/spi/macronix.o
LOAD build/postcar/drivers/spi/spansion.o
LOAD build/postcar/drivers/spi/spi-generic.o
LOAD build/postcar/drivers/spi/spi_flash.o
LOAD build/postcar/drivers/spi/sst.o
LOAD build/postcar/drivers/spi/stmicro.o
LOAD build/postcar/drivers/spi/winbond.o
LOAD build/postcar/drivers/usb/console.o
LOAD build/postcar/drivers/usb/ehci_debug.o
LOAD build/postcar/ec/lenovo/h8/sense.o
LOAD build/postcar/lib/boot_device.o
LOAD build/postcar/lib/bootmode.o
LOAD build/postcar/lib/cbfs.o
LOAD build/postcar/lib/cbmem_common.o
LOAD build/postcar/lib/cbmem_console.o
LOAD build/postcar/lib/crc_byte.o
LOAD build/postcar/lib/delay.o
LOAD build/postcar/lib/ext_stage_cache.o
LOAD build/postcar/lib/fmap.o
LOAD build/postcar/lib/gcc.o
LOAD build/postcar/lib/halt.o
LOAD build/postcar/lib/hexdump.o
LOAD build/postcar/lib/imd.o
LOAD build/postcar/lib/imd_cbmem.o
LOAD build/postcar/lib/libgcc.o
LOAD build/postcar/lib/list.o
LOAD build/postcar/lib/lzma.o
LOAD build/postcar/lib/lzmadecode.o
LOAD build/postcar/lib/memchr.o
LOAD build/postcar/lib/memcmp.o
LOAD build/postcar/lib/prog_loaders.o
LOAD build/postcar/lib/prog_ops.o
LOAD build/postcar/lib/reset.o
LOAD build/postcar/lib/rmodule.o
LOAD build/postcar/lib/romstage_handoff.o
LOAD build/postcar/lib/string.o
LOAD build/postcar/lib/timestamp.o
LOAD build/postcar/lib/version.o
LOAD build/postcar/northbridge/intel/sandybridge/memmap.o
LOAD build/postcar/security/memory/memory.o
LOAD build/postcar/security/tpm/tspi/tspi.o
LOAD build/postcar/security/tpm/tss/tcg-1.2/tss.o
LOAD build/postcar/southbridge/intel/common/me.o
LOAD build/postcar/southbridge/intel/common/pmbase.o
LOAD build/postcar/southbridge/intel/common/reset.o
LOAD build/postcar/southbridge/intel/common/rtc.o
LOAD build/postcar/southbridge/intel/common/spi.o
LOAD /home/brandenpalmer/coreboot/util/crossgcc/xgcc/lib/gcc/i386-elf/11.2.0/libgcc.a
END GROUP
                0x0000000000000001                _ = ASSERT ((. <= 0x2000000), postcar overlaps the previous region!)
                0x0000000002000000                . = 0x2000000
                0x0000000002000000                _postcar = ABSOLUTE (.)
                0x0000000002100000                _epostcar = ABSOLUTE ((_postcar + 0x100000))
                0x0000000000100000                _postcar_size = ABSOLUTE ((_epostcar - _postcar))
                0x0000000000000001                _ = ASSERT (((_eprogram - _program) <= 0x100000), Aftercar exceeded its allotted size! (1M))

.text           0x0000000002000000     0x4e48
                0x0000000002000000                _program = .
                0x0000000002000000                _text = .
 *(.init._start)
 *(.init)
 .init          0x0000000002000000       0x28 build/postcar/arch/x86/gdt_init.o
                0x0000000002000000                gdtptr
 *(.init.*)
 .init._gdt_    0x0000000002000028        0x9 build/postcar/arch/x86/gdt_init.o
                0x0000000002000028                gdt_init
 *(.text._start)
 *(.text.stage_entry)
 *(.metadata_hash_anchor)
 *(.text)
 .text          0x0000000002000031       0x85 build/postcar/arch/x86/exit_car.o
                0x0000000002000031                _start
 .text          0x00000000020000b6       0x39 build/postcar/cpu/intel/car/non-evict/exit_car.o
                0x00000000020000b6                chipset_teardown_car
 *fill*         0x00000000020000ef        0x1 
 .text          0x00000000020000f0      0x107 /home/brandenpalmer/coreboot/util/crossgcc/xgcc/lib/gcc/i386-elf/11.2.0/libgcc.a(_udivdi3.o)
                0x00000000020000f0                __udivdi3
 *fill*         0x00000000020001f7        0x1 
 .text          0x00000000020001f8      0x1b4 /home/brandenpalmer/coreboot/util/crossgcc/xgcc/lib/gcc/i386-elf/11.2.0/libgcc.a(_udivmoddi4.o)
                0x00000000020001f8                __udivmoddi4
 *(.text.*)
 .text.arch_prog_run
                0x00000000020003ac        0xe build/postcar/arch/x86/boot.o
                0x00000000020003ac                arch_prog_run
 .text.do_system_reset
                0x00000000020003ba        0xe build/postcar/arch/x86/cf9_reset.o
                0x00000000020003ba                do_system_reset
 .text.system_reset
                0x00000000020003c8       0x1e build/postcar/arch/x86/cf9_reset.o
                0x00000000020003c8                system_reset
 .text.memcpy   0x00000000020003e6       0x21 build/postcar/arch/x86/memcpy.o
                0x00000000020003e6                memcpy
 *fill*         0x0000000002000407        0x9 
 .text.memmove  0x0000000002000410      0x185 build/postcar/arch/x86/memmove.o
                0x0000000002000410                memmove
 .text.memset   0x0000000002000595       0x43 build/postcar/arch/x86/memset.o
                0x0000000002000595                memset
 .text.boot_device_ro
                0x00000000020005d8        0x6 build/postcar/arch/x86/mmap_boot.o
                0x00000000020005d8                boot_device_ro
 .text.arch_post_code
                0x00000000020005de        0x7 build/postcar/arch/x86/post.o
                0x00000000020005de                arch_post_code
 .text.late_car_teardown
                0x00000000020005e5        0x1 build/postcar/arch/x86/postcar.o
                0x00000000020005e5                late_car_teardown
 .text.startup.main
                0x00000000020005e6       0x46 build/postcar/arch/x86/postcar.o
                0x00000000020005e6                main
 .text.timestamp_get
                0x000000000200062c       0x12 build/postcar/arch/x86/timestamp.o
                0x000000000200062c                timestamp_get
 .text.cbfs_mcache_lookup
                0x000000000200063e      0x106 build/postcar/commonlib/bsd/cbfs_mcache.o
                0x000000000200063e                cbfs_mcache_lookup
 .text.cbfs_walk
                0x0000000002000744      0x1e5 build/postcar/commonlib/bsd/cbfs_private.o
                0x0000000002000744                cbfs_walk
 .text.cbfs_copy_fill_metadata
                0x0000000002000929       0x6f build/postcar/commonlib/bsd/cbfs_private.o
                0x0000000002000929                cbfs_copy_fill_metadata
 .text.lookup_walker
                0x0000000002000998       0x89 build/postcar/commonlib/bsd/cbfs_private.o
 .text.cbfs_lookup
                0x0000000002000a21       0x48 build/postcar/commonlib/bsd/cbfs_private.o
                0x0000000002000a21                cbfs_lookup
 .text.cbfs_find_attr
                0x0000000002000a69       0x93 build/postcar/commonlib/bsd/cbfs_private.o
                0x0000000002000a69                cbfs_find_attr
 .text.LZ4_wildCopy
                0x0000000002000afc       0x1a build/postcar/commonlib/bsd/lz4_wrapper.o
 .text.ulz4fn.part.0
                0x0000000002000b16      0x351 build/postcar/commonlib/bsd/lz4_wrapper.o
 .text.ulz4fn   0x0000000002000e67       0x24 build/postcar/commonlib/bsd/lz4_wrapper.o
                0x0000000002000e67                ulz4fn
 .text.mem_pool_alloc
                0x0000000002000e8b       0x3e build/postcar/commonlib/mem_pool.o
                0x0000000002000e8b                mem_pool_alloc
 .text.mdev_mmap
                0x0000000002000ec9        0xc build/postcar/commonlib/region.o
 .text.mdev_munmap
                0x0000000002000ed5        0x3 build/postcar/commonlib/region.o
 .text.mdev_readat
                0x0000000002000ed8       0x24 build/postcar/commonlib/region.o
 .text.region_is_subregion
                0x0000000002000efc       0x39 build/postcar/commonlib/region.o
                0x0000000002000efc                region_is_subregion
 .text.normalize_and_ok
                0x0000000002000f35        0xe build/postcar/commonlib/region.o
 .text.rdev_mmap
                0x0000000002000f43       0x58 build/postcar/commonlib/region.o
                0x0000000002000f43                rdev_mmap
 .text.rdev_munmap
                0x0000000002000f9b       0x1f build/postcar/commonlib/region.o
                0x0000000002000f9b                rdev_munmap
 .text.rdev_readat
                0x0000000002000fba       0x61 build/postcar/commonlib/region.o
                0x0000000002000fba                rdev_readat
 .text.rdev_chain
                0x000000000200101b       0x56 build/postcar/commonlib/region.o
                0x000000000200101b                rdev_chain
 .text.rdev_chain_mem
                0x0000000002001071       0x1a build/postcar/commonlib/region.o
                0x0000000002001071                rdev_chain_mem
 .text.console_hw_init
                0x000000000200108b       0x10 build/postcar/console/console.o
                0x000000000200108b                console_hw_init
 .text.console_tx_byte
                0x000000000200109b       0x3b build/postcar/console/console.o
                0x000000000200109b                console_tx_byte
 .text.console_tx_flush
                0x00000000020010d6        0xe build/postcar/console/console.o
                0x00000000020010d6                console_tx_flush
 .text.die_notify
                0x00000000020010e4        0x1 build/postcar/console/die.o
                0x00000000020010e4                die_notify
 .text.die      0x00000000020010e5       0x1e build/postcar/console/die.o
                0x00000000020010e5                die
 .text.console_log_level
                0x0000000002001103       0x2b build/postcar/console/init.o
                0x0000000002001103                console_log_level
 .text.console_init
                0x000000000200112e       0x43 build/postcar/console/init.o
                0x000000000200112e                console_init
 .text.mainboard_post
                0x0000000002001171        0x1 build/postcar/console/post.o
                0x0000000002001171                mainboard_post
 .text.post_code
                0x0000000002001172       0x1c build/postcar/console/post.o
                0x0000000002001172                post_code
 .text.wrap_putchar
                0x000000000200118e        0xe build/postcar/console/printk.o
 .text.console_time_run
                0x000000000200119c       0x20 build/postcar/console/printk.o
 .text.wrap_putchar_cbmemc
                0x00000000020011bc        0xe build/postcar/console/printk.o
 .text.console_time_stop
                0x00000000020011ca       0x31 build/postcar/console/printk.o
 .text.vprintk  0x00000000020011fb       0x83 build/postcar/console/printk.o
                0x00000000020011fb                vprintk
 .text.lock     0x000000000200127e       0x10 build/postcar/console/printk.o
 .text.printk   0x000000000200128e       0x1a build/postcar/console/printk.o
                0x000000000200128e                printk
 .text.console_time_report
                0x00000000020012a8       0x32 build/postcar/console/printk.o
                0x00000000020012a8                console_time_report
 .text.number   0x00000000020012da      0x2e8 build/postcar/console/vtxprintf.o
 .text.vtxprintf
                0x00000000020015c2      0x43a build/postcar/console/vtxprintf.o
                0x00000000020015c2                vtxprintf
 .text.resolve_timebase
                0x00000000020019fc      0x1ad build/postcar/cpu/intel/common/fsb.o
 .text.tsc_freq_mhz
                0x0000000002001ba9       0x1b build/postcar/cpu/intel/common/fsb.o
                0x0000000002001ba9                tsc_freq_mhz
 .text.boot_cpu
                0x0000000002001bc4        0xe build/postcar/cpu/x86/lapic/boot_cpu.o
                0x0000000002001bc4                boot_cpu
 .text.display_mtrrs
                0x0000000002001bd2        0x1 build/postcar/cpu/x86/mtrr/debug.o
                0x0000000002001bd2                display_mtrrs
 .text.smm_subregion
                0x0000000002001bd3       0xce build/postcar/cpu/x86/smm/tseg_region.o
                0x0000000002001bd3                smm_subregion
 .text.stage_cache_external_region
                0x0000000002001ca1       0x3e build/postcar/cpu/x86/smm/tseg_region.o
                0x0000000002001ca1                stage_cache_external_region
 .text.timer_monotonic_get
                0x0000000002001cdf       0xaa build/postcar/cpu/x86/tsc/delay_tsc.o
                0x0000000002001cdf                timer_monotonic_get
 .text.usb_tx_byte
                0x0000000002001d89       0x62 build/postcar/drivers/usb/console.o
                0x0000000002001d89                usb_tx_byte
 .text.usb_tx_flush
                0x0000000002001deb       0x48 build/postcar/drivers/usb/console.o
                0x0000000002001deb                usb_tx_flush
 .text.dbgp_ehci_info
                0x0000000002001e33       0x19 build/postcar/drivers/usb/ehci_debug.o
 .text.dbgp_wait_until_done
                0x0000000002001e4c       0xa8 build/postcar/drivers/usb/ehci_debug.o
 .text.dbgp_set_data
                0x0000000002001ef4       0x54 build/postcar/drivers/usb/ehci_debug.o
 .text.dbgp_bulk_write
                0x0000000002001f48       0x71 build/postcar/drivers/usb/ehci_debug.o
 .text.dbgp_bulk_write_x
                0x0000000002001fb9       0x1f build/postcar/drivers/usb/ehci_debug.o
                0x0000000002001fb9                dbgp_bulk_write_x
 .text.dbgp_try_get
                0x0000000002001fd8       0x36 build/postcar/drivers/usb/ehci_debug.o
                0x0000000002001fd8                dbgp_try_get
 .text.dbgp_put
                0x000000000200200e       0x12 build/postcar/drivers/usb/ehci_debug.o
                0x000000000200200e                dbgp_put
 .text.usbdebug_hw_init
                0x0000000002002020       0x28 build/postcar/drivers/usb/ehci_debug.o
                0x0000000002002020                usbdebug_hw_init
 .text.migrate_ehci_debug
                0x0000000002002048       0x48 build/postcar/drivers/usb/ehci_debug.o
 .text.dbgp_console_output
                0x0000000002002090        0x9 build/postcar/drivers/usb/ehci_debug.o
                0x0000000002002090                dbgp_console_output
 .text.usbdebug_init
                0x0000000002002099        0x1 build/postcar/drivers/usb/ehci_debug.o
                0x0000000002002099                usbdebug_init
 .text.boot_device_init
                0x000000000200209a        0x1 build/postcar/lib/boot_device.o
                0x000000000200209a                boot_device_init
 .text.boot_device_ro_subregion
                0x000000000200209b       0x32 build/postcar/lib/boot_device.o
                0x000000000200209b                boot_device_ro_subregion
 .text.cbfs_load_and_decompress.constprop.0
                0x00000000020020cd       0xc4 build/postcar/lib/cbfs.o
 .text.do_alloc.isra.0
                0x0000000002002191       0xe2 build/postcar/lib/cbfs.o
 .text.cbfs_boot_device_find_mcache
                0x0000000002002273       0x40 build/postcar/lib/cbfs.o
                0x0000000002002273                cbfs_boot_device_find_mcache
 .text.cbfs_get_boot_device
                0x00000000020022b3       0x4c build/postcar/lib/cbfs.o
                0x00000000020022b3                cbfs_get_boot_device
 .text._cbfs_boot_lookup
                0x00000000020022ff       0xc9 build/postcar/lib/cbfs.o
                0x00000000020022ff                _cbfs_boot_lookup
 .text._cbfs_alloc
                0x00000000020023c8       0x98 build/postcar/lib/cbfs.o
                0x00000000020023c8                _cbfs_alloc
 .text.cbmem_run_init_hooks
                0x0000000002002460       0x31 build/postcar/lib/cbmem_common.o
                0x0000000002002460                cbmem_run_init_hooks
 .text.cbmemc_init
                0x0000000002002491       0x3b build/postcar/lib/cbmem_console.o
                0x0000000002002491                cbmemc_init
 .text.cbmemc_tx_byte
                0x00000000020024cc       0x43 build/postcar/lib/cbmem_console.o
                0x00000000020024cc                cbmemc_tx_byte
 .text.cbmemc_reinit
                0x000000000200250f       0xd0 build/postcar/lib/cbmem_console.o
 .text.stage_cache_setup
                0x00000000020025df       0xc5 build/postcar/lib/ext_stage_cache.o
 .text.stage_cache_add
                0x00000000020026a4       0xb3 build/postcar/lib/ext_stage_cache.o
                0x00000000020026a4                stage_cache_add
 .text.stage_cache_load_stage
                0x0000000002002757       0xaf build/postcar/lib/ext_stage_cache.o
                0x0000000002002757                stage_cache_load_stage
 .text.fmap_register_cbmem_cache
                0x0000000002002806       0x41 build/postcar/lib/fmap.o
 .text.find_fmap_directory
                0x0000000002002847      0x121 build/postcar/lib/fmap.o
 .text.fmap_locate_area
                0x0000000002002968       0xab build/postcar/lib/fmap.o
                0x0000000002002968                fmap_locate_area
 .text.fmap_locate_area_as_rdev
                0x0000000002002a13       0x32 build/postcar/lib/fmap.o
                0x0000000002002a13                fmap_locate_area_as_rdev
 .text.__wrap___udivdi3
                0x0000000002002a45        0x5 build/postcar/lib/gcc.o
                0x0000000002002a45                __wrap___udivdi3
 .text.halt     0x0000000002002a4a        0x3 build/postcar/lib/halt.o
                0x0000000002002a4a                halt
 .text.imdr_recover
                0x0000000002002a4d       0x9d build/postcar/lib/imd.o
 .text.imdr_create_empty
                0x0000000002002aea       0xdc build/postcar/lib/imd.o
 .text.imdr_entry_find.isra.0
                0x0000000002002bc6       0x2a build/postcar/lib/imd.o
 .text.imdr_entry_add.isra.0
                0x0000000002002bf0       0x71 build/postcar/lib/imd.o
 .text.imd_entry_to_imdr
                0x0000000002002c61       0x40 build/postcar/lib/imd.o
 .text.imd_handle_init
                0x0000000002002ca1       0x26 build/postcar/lib/imd.o
                0x0000000002002ca1                imd_handle_init
 .text.imd_create_tiered_empty
                0x0000000002002cc7       0xae build/postcar/lib/imd.o
                0x0000000002002cc7                imd_create_tiered_empty
 .text.imd_recover
                0x0000000002002d75       0x60 build/postcar/lib/imd.o
                0x0000000002002d75                imd_recover
 .text.imd_limit_size
                0x0000000002002dd5       0x2a build/postcar/lib/imd.o
                0x0000000002002dd5                imd_limit_size
 .text.imd_entry_add
                0x0000000002002dff       0x59 build/postcar/lib/imd.o
                0x0000000002002dff                imd_entry_add
 .text.imd_entry_find
                0x0000000002002e58       0x20 build/postcar/lib/imd.o
                0x0000000002002e58                imd_entry_find
 .text.imd_entry_find_or_add
                0x0000000002002e78       0x34 build/postcar/lib/imd.o
                0x0000000002002e78                imd_entry_find_or_add
 .text.imd_entry_size
                0x0000000002002eac        0x8 build/postcar/lib/imd.o
                0x0000000002002eac                imd_entry_size
 .text.imd_entry_at
                0x0000000002002eb4       0x1e build/postcar/lib/imd.o
                0x0000000002002eb4                imd_entry_at
 .text.cbmem_top
                0x0000000002002ed2        0x6 build/postcar/lib/imd_cbmem.o
                0x0000000002002ed2                cbmem_top
 .text.cbmem_add
                0x0000000002002ed8       0x36 build/postcar/lib/imd_cbmem.o
                0x0000000002002ed8                cbmem_add
 .text.cbmem_initialize_id_size
                0x0000000002002f0e       0x69 build/postcar/lib/imd_cbmem.o
                0x0000000002002f0e                cbmem_initialize_id_size
 .text.cbmem_initialize
                0x0000000002002f77       0x12 build/postcar/lib/imd_cbmem.o
                0x0000000002002f77                cbmem_initialize
 .text.cbmem_entry_find
                0x0000000002002f89       0x15 build/postcar/lib/imd_cbmem.o
                0x0000000002002f89                cbmem_entry_find
 .text.cbmem_find
                0x0000000002002f9e       0x2c build/postcar/lib/imd_cbmem.o
                0x0000000002002f9e                cbmem_find
 .text.cbmem_entry_size
                0x0000000002002fca       0x12 build/postcar/lib/imd_cbmem.o
                0x0000000002002fca                cbmem_entry_size
 .text.cbmem_entry_start
                0x0000000002002fdc       0x15 build/postcar/lib/imd_cbmem.o
                0x0000000002002fdc                cbmem_entry_start
 .text.ulzman   0x0000000002002ff1       0xce build/postcar/lib/lzma.o
                0x0000000002002ff1                ulzman
 .text.LzmaDecodeProperties
                0x00000000020030bf       0x40 build/postcar/lib/lzmadecode.o
                0x00000000020030bf                LzmaDecodeProperties
 .text.LzmaDecode
                0x00000000020030ff      0xce7 build/postcar/lib/lzmadecode.o
                0x00000000020030ff                LzmaDecode
 .text.memcmp   0x0000000002003de6       0x26 build/postcar/lib/memcmp.o
                0x0000000002003de6                memcmp
 .text.prog_locate_hook
                0x0000000002003e0c        0x3 build/postcar/lib/prog_loaders.o
                0x0000000002003e0c                prog_locate_hook
 .text.run_ramstage
                0x0000000002003e0f      0x105 build/postcar/lib/prog_loaders.o
                0x0000000002003e0f                run_ramstage
 .text.platform_segment_loaded
                0x0000000002003f14        0x1 build/postcar/lib/prog_ops.o
                0x0000000002003f14                platform_segment_loaded
 .text.arch_segment_loaded
                0x0000000002003f15        0x1 build/postcar/lib/prog_ops.o
                0x0000000002003f15                arch_segment_loaded
 .text.prog_segment_loaded
                0x0000000002003f16       0x2f build/postcar/lib/prog_ops.o
                0x0000000002003f16                prog_segment_loaded
 .text.platform_prog_run
                0x0000000002003f45        0x1 build/postcar/lib/prog_ops.o
                0x0000000002003f45                platform_prog_run
 .text.prog_run
                0x0000000002003f46       0x1b build/postcar/lib/prog_ops.o
                0x0000000002003f46                prog_run
 .text.board_reset
                0x0000000002003f61       0x20 build/postcar/lib/reset.o
                0x0000000002003f61                board_reset
 .text.rmodule_cbfs_allocator
                0x0000000002003f81       0x6a build/postcar/lib/rmodule.o
 .text.rmodule_parse
                0x0000000002003feb       0x43 build/postcar/lib/rmodule.o
                0x0000000002003feb                rmodule_parse
 .text.rmodule_parameters
                0x000000000200402e       0x1e build/postcar/lib/rmodule.o
                0x000000000200402e                rmodule_parameters
 .text.rmodule_entry
                0x000000000200404c       0x14 build/postcar/lib/rmodule.o
                0x000000000200404c                rmodule_entry
 .text.rmodule_load
                0x0000000002004060       0xdc build/postcar/lib/rmodule.o
                0x0000000002004060                rmodule_load
 .text.rmodule_stage_load
                0x000000000200413c       0xb8 build/postcar/lib/rmodule.o
                0x000000000200413c                rmodule_stage_load
 .text.romstage_handoff_is_resume
                0x00000000020041f4       0x5f build/postcar/lib/romstage_handoff.o
                0x00000000020041f4                romstage_handoff_is_resume
 .text.strnlen  0x0000000002004253       0x16 build/postcar/lib/string.o
                0x0000000002004253                strnlen
 .text.strlen   0x0000000002004269       0x10 build/postcar/lib/string.o
                0x0000000002004269                strlen
 .text.strcmp   0x0000000002004279       0x20 build/postcar/lib/string.o
                0x0000000002004279                strcmp
 .text.skip_atoi
                0x0000000002004299       0x27 build/postcar/lib/string.o
                0x0000000002004299                skip_atoi
 .text.timestamp_reinit
                0x00000000020042c0       0x46 build/postcar/lib/timestamp.o
 .text.timestamp_add
                0x0000000002004306       0x8f build/postcar/lib/timestamp.o
                0x0000000002004306                timestamp_add
 .text.timestamp_add_now
                0x0000000002004395       0x18 build/postcar/lib/timestamp.o
                0x0000000002004395                timestamp_add_now
 .text.smm_region
                0x00000000020043ad       0x21 build/postcar/northbridge/intel/sandybridge/memmap.o
                0x00000000020043ad                smm_region
 .text.do_board_reset
                0x00000000020043ce        0x8 build/postcar/southbridge/intel/common/reset.o
                0x00000000020043ce                do_board_reset
                0x00000000020043d8                . = ALIGN (0x8)
 *fill*         0x00000000020043d6        0x2 
                0x00000000020043d8                _cbmem_init_hooks = .
 *(.rodata.cbmem_init_hooks_early)
 *(.rodata.cbmem_init_hooks)
 .rodata.cbmem_init_hooks
                0x00000000020043d8        0x4 build/postcar/drivers/usb/ehci_debug.o
 .rodata.cbmem_init_hooks
                0x00000000020043dc        0x4 build/postcar/lib/cbmem_console.o
 .rodata.cbmem_init_hooks
                0x00000000020043e0        0x4 build/postcar/lib/ext_stage_cache.o
 .rodata.cbmem_init_hooks
                0x00000000020043e4        0x4 build/postcar/lib/fmap.o
 .rodata.cbmem_init_hooks
                0x00000000020043e8        0x4 build/postcar/lib/timestamp.o
                0x00000000020043ec                _ecbmem_init_hooks = .
                0x0000000000000014                _cbmem_init_hooks_size = ABSOLUTE ((_ecbmem_init_hooks - _cbmem_init_hooks))
                0x00000000020043f0                . = ALIGN (0x8)
 *fill*         0x00000000020043ec        0x4 
                0x00000000020043f0                _rsbe_init_begin = .
 *(.rsbe_init)
                0x00000000020043f0                _ersbe_init_begin = .
                0x0000000000000000                _rsbe_init_begin_size = ABSOLUTE ((_ersbe_init_begin - _rsbe_init_begin))
                0x00000000020043f0                . = ALIGN (0x8)
 *(.rodata)
 *fill*         0x00000000020043f0       0x10 
 .rodata        0x0000000002004400       0x40 build/postcar/commonlib/bsd/lz4_wrapper.o
 *(.rodata.*)
 .rodata.system_reset.str1.1
                0x0000000002004440        0xe build/postcar/arch/x86/cf9_reset.o
 *fill*         0x000000000200444e        0x2 
 .rodata.__func__.1
                0x0000000002004450        0xd build/postcar/arch/x86/cf9_reset.o
 *fill*         0x000000000200445d        0x3 
 .rodata.boot_dev
                0x0000000002004460       0x14 build/postcar/arch/x86/mmap_boot.o
 .rodata.cbfs_mcache_build.str1.1
                0x0000000002004474       0xc3 build/postcar/commonlib/bsd/cbfs_mcache.o
 .rodata.cbfs_mcache_lookup.str1.1
                0x0000000002004537       0x5a build/postcar/commonlib/bsd/cbfs_mcache.o
 .rodata.cbfs_walk.str1.1
                0x0000000002004591       0x73 build/postcar/commonlib/bsd/cbfs_private.o
                                         0x98 (size before relaxing)
 .rodata.lookup_walker.str1.1
                0x0000000002004604       0x21 build/postcar/commonlib/bsd/cbfs_private.o
 .rodata.cbfs_find_attr.str1.1
                0x0000000002004625       0x68 build/postcar/commonlib/bsd/cbfs_private.o
 *fill*         0x000000000200468d        0x3 
 .rodata.mem_rdev
                0x0000000002004690       0x14 build/postcar/commonlib/region.o
 .rodata.mem_rdev_ro_ops
                0x00000000020046a4       0x14 build/postcar/commonlib/region.o
                0x00000000020046a4                mem_rdev_ro_ops
 .rodata.console_init.str1.1
                0x00000000020046b8       0x38 build/postcar/console/init.o
 .rodata.console_time_report.str1.1
                0x00000000020046f0       0x3e build/postcar/console/printk.o
 .rodata.number.str1.1
                0x000000000200472e       0x22 build/postcar/console/vtxprintf.o
 .rodata.vtxprintf.str1.1
                0x0000000002004750        0x7 build/postcar/console/vtxprintf.o
 *fill*         0x0000000002004757        0x1 
 .rodata.vtxprintf
                0x0000000002004758       0x58 build/postcar/console/vtxprintf.o
 .rodata.resolve_timebase.str1.1
                0x00000000020047b0       0x22 build/postcar/cpu/intel/common/fsb.o
 *fill*         0x00000000020047d2        0x2 
 .rodata.f2x_fsb.0
                0x00000000020047d4       0x10 build/postcar/cpu/intel/common/fsb.o
 .rodata.rangeley_fsb.1
                0x00000000020047e4        0x8 build/postcar/cpu/intel/common/fsb.o
 .rodata.core2_fsb.2
                0x00000000020047ec       0x10 build/postcar/cpu/intel/common/fsb.o
 .rodata.core_fsb.3
                0x00000000020047fc       0x10 build/postcar/cpu/intel/common/fsb.o
 .rodata.smm_subregion.str1.1
                0x000000000200480c       0x1e build/postcar/cpu/x86/smm/tseg_region.o
                                         0x43 (size before relaxing)
 .rodata.stage_cache_external_region.str1.1
                0x000000000200482a       0x20 build/postcar/cpu/x86/smm/tseg_region.o
 *fill*         0x000000000200484a        0x2 
 .rodata.pci_mmconf
                0x000000000200484c        0x4 build/postcar/device/pci_ops.o
                0x000000000200484c                pci_mmconf
 .rodata.migrate_ehci_debug.str1.1
                0x0000000002004850       0x3f build/postcar/drivers/usb/ehci_debug.o
 .rodata.do_alloc.isra.0.str1.1
                0x000000000200488f       0x63 build/postcar/lib/cbfs.o
 .rodata.cbfs_get_boot_device.str1.1
                0x00000000020048f2       0x24 build/postcar/lib/cbfs.o
 .rodata._cbfs_boot_lookup.str1.1
                0x0000000002004916       0x67 build/postcar/lib/cbfs.o
 .rodata._cbfs_alloc.str1.1
                0x000000000200497d       0x35 build/postcar/lib/cbfs.o
 .rodata.cbmemc_reinit.str1.1
                0x00000000020049b2       0x3f build/postcar/lib/cbmem_console.o
 .rodata.stage_cache_setup.str1.1
                0x00000000020049f1       0x63 build/postcar/lib/ext_stage_cache.o
 .rodata.stage_cache_add.str1.1
                0x0000000002004a54       0x4d build/postcar/lib/ext_stage_cache.o
 .rodata.stage_cache_load_stage.str1.1
                0x0000000002004aa1       0x4f build/postcar/lib/ext_stage_cache.o
 .rodata.find_fmap_directory.str1.1
                0x0000000002004af0       0xbc build/postcar/lib/fmap.o
 .rodata.fmap_locate_area.str1.1
                0x0000000002004bac       0x25 build/postcar/lib/fmap.o
 .rodata.imdr_create_empty.str1.1
                0x0000000002004bd1       0x2a build/postcar/lib/imd.o
                                         0x4f (size before relaxing)
 .rodata.ulzman.str1.1
                0x0000000002004bfb       0x7c build/postcar/lib/lzma.o
 .rodata.run_ramstage.str1.1
                0x0000000002004c77       0x58 build/postcar/lib/prog_loaders.o
 .rodata.board_reset.str1.1
                0x0000000002004ccf        0xe build/postcar/lib/reset.o
 *fill*         0x0000000002004ccf        0x1 
 .rodata.__func__.0
                0x0000000002004cd0        0xc build/postcar/lib/reset.o
 .rodata.rmodule_cbfs_allocator.str1.1
                0x0000000002004cdc       0x23 build/postcar/lib/rmodule.o
 .rodata.rmodule_load.str1.1
                0x0000000002004cff       0x94 build/postcar/lib/rmodule.o
 .rodata.romstage_handoff_is_resume.str1.1
                0x0000000002004d93       0x18 build/postcar/lib/romstage_handoff.o
 .rodata.timestamp_reinit.str1.1
                0x0000000002004dab       0x25 build/postcar/lib/timestamp.o
 .rodata.timestamp_add.str1.1
                0x0000000002004dd0       0x3e build/postcar/lib/timestamp.o
 *fill*         0x0000000002004e0e        0x2 
 .rodata.coreboot_build
                0x0000000002004e10       0x1d build/postcar/lib/version.o
                0x0000000002004e10                coreboot_build
 .rodata.coreboot_extra_version
                0x0000000002004e2d        0x1 build/postcar/lib/version.o
                0x0000000002004e2d                coreboot_extra_version
 *fill*         0x0000000002004e2e        0x2 
 .rodata.coreboot_version
                0x0000000002004e30       0x15 build/postcar/lib/version.o
                0x0000000002004e30                coreboot_version
                0x0000000002004e48                . = ALIGN (0x8)
 *fill*         0x0000000002004e45        0x3 
                0x0000000002004e48                _etext = .
                0x0000000000004e48                _text_size = ABSOLUTE ((_etext - _text))

.iplt           0x0000000002004e48        0x0
 .iplt          0x0000000002004e48        0x0 build/postcar/mainboard/lenovo/x230/static.o

.rel.dyn        0x0000000002004e48        0x0
 .rel.got       0x0000000002004e48        0x0 build/postcar/mainboard/lenovo/x230/static.o
 .rel.iplt      0x0000000002004e48        0x0 build/postcar/mainboard/lenovo/x230/static.o
 .rel.text.startup.main
                0x0000000002004e48        0x0 build/postcar/mainboard/lenovo/x230/static.o
 .rel.text.die  0x0000000002004e48        0x0 build/postcar/mainboard/lenovo/x230/static.o
 .rel.text.post_code
                0x0000000002004e48        0x0 build/postcar/mainboard/lenovo/x230/static.o
 .rel.text.boot_device_ro_subregion
                0x0000000002004e48        0x0 build/postcar/mainboard/lenovo/x230/static.o
 .rel.data.cbfs_cache
                0x0000000002004e48        0x0 build/postcar/mainboard/lenovo/x230/static.o
 .rel.text.cbmem_run_init_hooks
                0x0000000002004e48        0x0 build/postcar/mainboard/lenovo/x230/static.o
 .rel.text.find_fmap_directory
                0x0000000002004e48        0x0 build/postcar/mainboard/lenovo/x230/static.o
 .rel.text.prog_segment_loaded
                0x0000000002004e48        0x0 build/postcar/mainboard/lenovo/x230/static.o
 .rel.text.prog_run
                0x0000000002004e48        0x0 build/postcar/mainboard/lenovo/x230/static.o
 .rel.text.rmodule_stage_load
                0x0000000002004e48        0x0 build/postcar/mainboard/lenovo/x230/static.o

.data           0x0000000002004e48       0x60
                0x0000000002004e80                . = ALIGN (0x40)
 *fill*         0x0000000002004e48       0x38 
                0x0000000002004e80                _data = .
                0x0000000002004e80                _rmodule_params = .
 *(.module_parameters)
 .module_parameters
                0x0000000002004e80        0x8 build/postcar/arch/x86/exit_car.o
                0x0000000002004e80                post_car_stack_top
                0x0000000002004e88                _ermodule_params = .
                0x0000000000000008                _rmodule_params_size = ABSOLUTE ((_ermodule_params - _rmodule_params))
 *(.data)
 *(.data.*)
 .data.console_lock
                0x0000000002004e88        0x4 build/postcar/console/printk.o
 .data.cbfs_cache
                0x0000000002004e8c       0x18 build/postcar/lib/cbfs.o
                0x0000000002004e8c                cbfs_cache
 *(.sdata)
 *(.sdata.*)
                0x0000000002004ea8                . = ALIGN (0x8)
 *fill*         0x0000000002004ea4        0x4 
                0x0000000002004ea8                _edata = .
                0x0000000000000028                _data_size = ABSOLUTE ((_edata - _data))

.got            0x0000000002004ea8        0x0
 .got           0x0000000002004ea8        0x0 build/postcar/mainboard/lenovo/x230/static.o

.got.plt        0x0000000002004ea8        0x0
 .got.plt       0x0000000002004ea8        0x0 build/postcar/mainboard/lenovo/x230/static.o

.igot.plt       0x0000000002004ea8        0x0
 .igot.plt      0x0000000002004ea8        0x0 build/postcar/mainboard/lenovo/x230/static.o

.bss            0x0000000002004ea8     0x4370
                0x0000000002004ea8                . = ALIGN (0x8)
                0x0000000002004ea8                _bss = .
 *(.bss)
 *(.bss.*)
 .bss.console_loglevel
                0x0000000002004ea8        0x4 build/postcar/console/init.o
 .bss.console_inited
                0x0000000002004eac        0x4 build/postcar/console/init.o
 .bss.console_usecs
                0x0000000002004eb0        0x4 build/postcar/console/printk.o
 .bss.mt_stop   0x0000000002004eb4        0x4 build/postcar/console/printk.o
 .bss.mt_start  0x0000000002004eb8        0x4 build/postcar/console/printk.o
 .bss.timer_tsc
                0x0000000002004ebc        0x4 build/postcar/cpu/intel/common/fsb.o
 .bss.timer_fsb
                0x0000000002004ec0        0x4 build/postcar/cpu/intel/common/fsb.o
 .bss.mono_counter
                0x0000000002004ec4       0x10 build/postcar/cpu/x86/tsc/delay_tsc.o
 .bss.glob_dbg_info_p
                0x0000000002004ed4        0x4 build/postcar/drivers/usb/ehci_debug.o
 *fill*         0x0000000002004ed8        0x8 
 .bss.glob_dbg_info
                0x0000000002004ee0       0x50 build/postcar/drivers/usb/ehci_debug.o
 .bss.ro.0      0x0000000002004f30       0x18 build/postcar/lib/cbfs.o
 *fill*         0x0000000002004f48       0x18 
 .bss.static_console
                0x0000000002004f60      0x400 build/postcar/lib/cbmem_console.o
 .bss.current_console
                0x0000000002005360        0x4 build/postcar/lib/cbmem_console.o
 .bss.imd_stage_cache
                0x0000000002005364       0x10 build/postcar/lib/ext_stage_cache.o
 .bss.fmap_cache
                0x0000000002005374       0x10 build/postcar/lib/fmap.o
 .bss.fmap_print_once
                0x0000000002005384        0x4 build/postcar/lib/fmap.o
 .bss.cbmem_initialized
                0x0000000002005388        0x4 build/postcar/lib/imd_cbmem.o
                0x0000000002005388                cbmem_initialized
 .bss.imd       0x000000000200538c       0x10 build/postcar/lib/imd_cbmem.o
 .bss._cbmem_top_ptr
                0x000000000200539c        0x4 build/postcar/lib/imd_cbmem.o
                0x000000000200539c                _cbmem_top_ptr
 .bss.scratchpad.0
                0x00000000020053a0     0x3e6c build/postcar/lib/lzma.o
 .bss.s3_resume.0
                0x000000000200920c        0x4 build/postcar/lib/romstage_handoff.o
 .bss.once.1    0x0000000002009210        0x4 build/postcar/lib/romstage_handoff.o
 .bss.glob_ts_table
                0x0000000002009214        0x4 build/postcar/lib/timestamp.o
 *(.sbss)
 *(.sbss.*)
                0x0000000002009218                . = ALIGN (0x8)
                0x0000000002009218                _ebss = .
                0x0000000000004370                _bss_size = ABSOLUTE ((_ebss - _bss))
                0x0000000002009218                _eprogram = .
                0x0000000000009218                _program_size = ABSOLUTE ((_eprogram - _program))
                0x0000000000000000                zeroptr = 0x0

/DISCARD/
 *(.comment)
 *(.comment.*)
 *(.note)
 *(.note.*)
 *(.eh_frame)
OUTPUT(build/cbfs/fallback/postcar.debug elf32-i386)

.debug_info     0x0000000000000000    0x16afa
 .debug_info    0x0000000000000000      0x340 build/postcar/arch/x86/boot.o
 .debug_info    0x0000000000000340      0x303 build/postcar/arch/x86/cf9_reset.o
 .debug_info    0x0000000000000643       0x25 build/postcar/arch/x86/exit_car.o
 .debug_info    0x0000000000000668       0x24 build/postcar/arch/x86/gdt_init.o
 .debug_info    0x000000000000068c       0xed build/postcar/arch/x86/memcpy.o
 .debug_info    0x0000000000000779      0x120 build/postcar/arch/x86/memmove.o
 .debug_info    0x0000000000000899      0x117 build/postcar/arch/x86/memset.o
 .debug_info    0x00000000000009b0      0x2c3 build/postcar/arch/x86/mmap_boot.o
 .debug_info    0x0000000000000c73      0x103 build/postcar/arch/x86/post.o
 .debug_info    0x0000000000000d76      0x50e build/postcar/arch/x86/postcar.o
 .debug_info    0x0000000000001284      0x201 build/postcar/arch/x86/timestamp.o
 .debug_info    0x0000000000001485      0x974 build/postcar/commonlib/bsd/cbfs_mcache.o
 .debug_info    0x0000000000001df9     0x11c7 build/postcar/commonlib/bsd/cbfs_private.o
 .debug_info    0x0000000000002fc0      0xb0f build/postcar/commonlib/bsd/lz4_wrapper.o
 .debug_info    0x0000000000003acf      0x168 build/postcar/commonlib/mem_pool.o
 .debug_info    0x0000000000003c37     0x1bed build/postcar/commonlib/region.o
 .debug_info    0x0000000000005824      0x3c0 build/postcar/console/console.o
 .debug_info    0x0000000000005be4      0x125 build/postcar/console/die.o
 .debug_info    0x0000000000005d09      0x1ff build/postcar/console/init.o
 .debug_info    0x0000000000005f08       0xf6 build/postcar/console/post.o
 .debug_info    0x0000000000005ffe      0x5b8 build/postcar/console/printk.o
 .debug_info    0x00000000000065b6      0x443 build/postcar/console/vtxprintf.o
 .debug_info    0x00000000000069f9       0x24 build/postcar/cpu/intel/car/non-evict/exit_car.o
 .debug_info    0x0000000000006a1d      0x65a build/postcar/cpu/intel/common/fsb.o
 .debug_info    0x0000000000007077      0x140 build/postcar/cpu/x86/lapic/boot_cpu.o
 .debug_info    0x00000000000071b7       0x8d build/postcar/cpu/x86/mtrr/debug.o
 .debug_info    0x0000000000007244      0x25d build/postcar/cpu/x86/smm/tseg_region.o
 .debug_info    0x00000000000074a1      0x4c6 build/postcar/cpu/x86/tsc/delay_tsc.o
 .debug_info    0x0000000000007967      0x4af build/postcar/device/pci_ops.o
 .debug_info    0x0000000000007e16      0x3f9 build/postcar/drivers/usb/console.o
 .debug_info    0x000000000000820f     0x125c build/postcar/drivers/usb/ehci_debug.o
 .debug_info    0x000000000000946b      0x4be build/postcar/lib/boot_device.o
 .debug_info    0x0000000000009929     0x2d08 build/postcar/lib/cbfs.o
 .debug_info    0x000000000000c631      0x130 build/postcar/lib/cbmem_common.o
 .debug_info    0x000000000000c761      0x4b0 build/postcar/lib/cbmem_console.o
 .debug_info    0x000000000000cc11      0xb25 build/postcar/lib/ext_stage_cache.o
 .debug_info    0x000000000000d736     0x18d4 build/postcar/lib/fmap.o
 .debug_info    0x000000000000f00a      0x211 build/postcar/lib/gcc.o
 .debug_info    0x000000000000f21b       0x57 build/postcar/lib/halt.o
 .debug_info    0x000000000000f272     0x210c build/postcar/lib/imd.o
 .debug_info    0x000000000001137e      0xbef build/postcar/lib/imd_cbmem.o
 .debug_info    0x0000000000011f6d      0x30c build/postcar/lib/lzma.o
 .debug_info    0x0000000000012279      0x5f9 build/postcar/lib/lzmadecode.o
 .debug_info    0x0000000000012872       0xec build/postcar/lib/memcmp.o
 .debug_info    0x000000000001295e      0xa04 build/postcar/lib/prog_loaders.o
 .debug_info    0x0000000000013362      0x365 build/postcar/lib/prog_ops.o
 .debug_info    0x00000000000136c7      0x15b build/postcar/lib/reset.o
 .debug_info    0x0000000000013822     0x1181 build/postcar/lib/rmodule.o
 .debug_info    0x00000000000149a3      0x26f build/postcar/lib/romstage_handoff.o
 .debug_info    0x0000000000014c12      0x6a7 build/postcar/lib/string.o
 .debug_info    0x00000000000152b9      0xae5 build/postcar/lib/timestamp.o
 .debug_info    0x0000000000015d9e      0x269 build/postcar/lib/version.o
 .debug_info    0x0000000000016007      0x501 build/postcar/northbridge/intel/sandybridge/memmap.o
 .debug_info    0x0000000000016508       0x4b build/postcar/southbridge/intel/common/reset.o
 .debug_info    0x0000000000016553      0x32c /home/brandenpalmer/coreboot/util/crossgcc/xgcc/lib/gcc/i386-elf/11.2.0/libgcc.a(_udivdi3.o)
 .debug_info    0x000000000001687f      0x27b /home/brandenpalmer/coreboot/util/crossgcc/xgcc/lib/gcc/i386-elf/11.2.0/libgcc.a(_udivmoddi4.o)

.debug_abbrev   0x0000000000000000     0x6787
 .debug_abbrev  0x0000000000000000      0x1d0 build/postcar/arch/x86/boot.o
 .debug_abbrev  0x00000000000001d0      0x174 build/postcar/arch/x86/cf9_reset.o
 .debug_abbrev  0x0000000000000344       0x14 build/postcar/arch/x86/exit_car.o
 .debug_abbrev  0x0000000000000358       0x14 build/postcar/arch/x86/gdt_init.o
 .debug_abbrev  0x000000000000036c       0xa0 build/postcar/arch/x86/memcpy.o
 .debug_abbrev  0x000000000000040c       0xb5 build/postcar/arch/x86/memmove.o
 .debug_abbrev  0x00000000000004c1       0xc7 build/postcar/arch/x86/memset.o
 .debug_abbrev  0x0000000000000588      0x12f build/postcar/arch/x86/mmap_boot.o
 .debug_abbrev  0x00000000000006b7       0xab build/postcar/arch/x86/post.o
 .debug_abbrev  0x0000000000000762      0x1a1 build/postcar/arch/x86/postcar.o
 .debug_abbrev  0x0000000000000903      0x192 build/postcar/arch/x86/timestamp.o
 .debug_abbrev  0x0000000000000a95      0x292 build/postcar/commonlib/bsd/cbfs_mcache.o
 .debug_abbrev  0x0000000000000d27      0x33e build/postcar/commonlib/bsd/cbfs_private.o
 .debug_abbrev  0x0000000000001065      0x344 build/postcar/commonlib/bsd/lz4_wrapper.o
 .debug_abbrev  0x00000000000013a9       0xee build/postcar/commonlib/mem_pool.o
 .debug_abbrev  0x0000000000001497      0x4aa build/postcar/commonlib/region.o
 .debug_abbrev  0x0000000000001941      0x19c build/postcar/console/console.o
 .debug_abbrev  0x0000000000001add       0xf2 build/postcar/console/die.o
 .debug_abbrev  0x0000000000001bcf      0x19f build/postcar/console/init.o
 .debug_abbrev  0x0000000000001d6e       0xaf build/postcar/console/post.o
 .debug_abbrev  0x0000000000001e1d      0x2ee build/postcar/console/printk.o
 .debug_abbrev  0x000000000000210b      0x1e2 build/postcar/console/vtxprintf.o
 .debug_abbrev  0x00000000000022ed       0x14 build/postcar/cpu/intel/car/non-evict/exit_car.o
 .debug_abbrev  0x0000000000002301      0x281 build/postcar/cpu/intel/common/fsb.o
 .debug_abbrev  0x0000000000002582       0xee build/postcar/cpu/x86/lapic/boot_cpu.o
 .debug_abbrev  0x0000000000002670       0x43 build/postcar/cpu/x86/mtrr/debug.o
 .debug_abbrev  0x00000000000026b3      0x158 build/postcar/cpu/x86/smm/tseg_region.o
 .debug_abbrev  0x000000000000280b      0x24e build/postcar/cpu/x86/tsc/delay_tsc.o
 .debug_abbrev  0x0000000000002a59      0x211 build/postcar/device/pci_ops.o
 .debug_abbrev  0x0000000000002c6a      0x226 build/postcar/drivers/usb/console.o
 .debug_abbrev  0x0000000000002e90      0x4f3 build/postcar/drivers/usb/ehci_debug.o
 .debug_abbrev  0x0000000000003383      0x1bd build/postcar/lib/boot_device.o
 .debug_abbrev  0x0000000000003540      0x5d3 build/postcar/lib/cbfs.o
 .debug_abbrev  0x0000000000003b13       0xdc build/postcar/lib/cbmem_common.o
 .debug_abbrev  0x0000000000003bef      0x238 build/postcar/lib/cbmem_console.o
 .debug_abbrev  0x0000000000003e27      0x2e9 build/postcar/lib/ext_stage_cache.o
 .debug_abbrev  0x0000000000004110      0x3d6 build/postcar/lib/fmap.o
 .debug_abbrev  0x00000000000044e6       0xac build/postcar/lib/gcc.o
 .debug_abbrev  0x0000000000004592       0x57 build/postcar/lib/halt.o
 .debug_abbrev  0x00000000000045e9      0x46a build/postcar/lib/imd.o
 .debug_abbrev  0x0000000000004a53      0x3be build/postcar/lib/imd_cbmem.o
 .debug_abbrev  0x0000000000004e11      0x16c build/postcar/lib/lzma.o
 .debug_abbrev  0x0000000000004f7d      0x192 build/postcar/lib/lzmadecode.o
 .debug_abbrev  0x000000000000510f       0xbd build/postcar/lib/memcmp.o
 .debug_abbrev  0x00000000000051cc      0x2e5 build/postcar/lib/prog_loaders.o
 .debug_abbrev  0x00000000000054b1      0x184 build/postcar/lib/prog_ops.o
 .debug_abbrev  0x0000000000005635      0x123 build/postcar/lib/reset.o
 .debug_abbrev  0x0000000000005758      0x357 build/postcar/lib/rmodule.o
 .debug_abbrev  0x0000000000005aaf      0x166 build/postcar/lib/romstage_handoff.o
 .debug_abbrev  0x0000000000005c15      0x196 build/postcar/lib/string.o
 .debug_abbrev  0x0000000000005dab      0x3e1 build/postcar/lib/timestamp.o
 .debug_abbrev  0x000000000000618c       0xa5 build/postcar/lib/version.o
 .debug_abbrev  0x0000000000006231      0x2a7 build/postcar/northbridge/intel/sandybridge/memmap.o
 .debug_abbrev  0x00000000000064d8       0x4c build/postcar/southbridge/intel/common/reset.o
 .debug_abbrev  0x0000000000006524      0x15b /home/brandenpalmer/coreboot/util/crossgcc/xgcc/lib/gcc/i386-elf/11.2.0/libgcc.a(_udivdi3.o)
 .debug_abbrev  0x000000000000667f      0x108 /home/brandenpalmer/coreboot/util/crossgcc/xgcc/lib/gcc/i386-elf/11.2.0/libgcc.a(_udivmoddi4.o)

.debug_loclists
                0x0000000000000000     0x746c
 .debug_loclists
                0x0000000000000000       0x48 build/postcar/arch/x86/boot.o
 .debug_loclists
                0x0000000000000048       0x74 build/postcar/arch/x86/cf9_reset.o
 .debug_loclists
                0x00000000000000bc       0x19 build/postcar/arch/x86/memmove.o
 .debug_loclists
                0x00000000000000d5       0x36 build/postcar/arch/x86/memset.o
 .debug_loclists
                0x000000000000010b       0x25 build/postcar/arch/x86/post.o
 .debug_loclists
                0x0000000000000130       0x1c build/postcar/arch/x86/timestamp.o
 .debug_loclists
                0x000000000000014c      0x16b build/postcar/commonlib/bsd/cbfs_mcache.o
 .debug_loclists
                0x00000000000002b7      0x45c build/postcar/commonlib/bsd/cbfs_private.o
 .debug_loclists
                0x0000000000000713      0x721 build/postcar/commonlib/bsd/lz4_wrapper.o
 .debug_loclists
                0x0000000000000e34       0x47 build/postcar/commonlib/mem_pool.o
 .debug_loclists
                0x0000000000000e7b      0x8c0 build/postcar/commonlib/region.o
 .debug_loclists
                0x000000000000173b       0x67 build/postcar/console/console.o
 .debug_loclists
                0x00000000000017a2       0x19 build/postcar/console/die.o
 .debug_loclists
                0x00000000000017bb       0x17 build/postcar/console/init.o
 .debug_loclists
                0x00000000000017d2       0x18 build/postcar/console/post.o
 .debug_loclists
                0x00000000000017ea      0x117 build/postcar/console/printk.o
 .debug_loclists
                0x0000000000001901      0x7ce build/postcar/console/vtxprintf.o
 .debug_loclists
                0x00000000000020cf      0x3bf build/postcar/cpu/intel/common/fsb.o
 .debug_loclists
                0x000000000000248e       0x4c build/postcar/cpu/x86/lapic/boot_cpu.o
 .debug_loclists
                0x00000000000024da       0x21 build/postcar/cpu/x86/smm/tseg_region.o
 .debug_loclists
                0x00000000000024fb       0xe7 build/postcar/cpu/x86/tsc/delay_tsc.o
 .debug_loclists
                0x00000000000025e2      0x190 build/postcar/device/pci_ops.o
 .debug_loclists
                0x0000000000002772       0xb6 build/postcar/drivers/usb/console.o
 .debug_loclists
                0x0000000000002828      0x7fe build/postcar/drivers/usb/ehci_debug.o
 .debug_loclists
                0x0000000000003026       0xa2 build/postcar/lib/boot_device.o
 .debug_loclists
                0x00000000000030c8      0x5a0 build/postcar/lib/cbfs.o
 .debug_loclists
                0x0000000000003668       0x17 build/postcar/lib/cbmem_common.o
 .debug_loclists
                0x000000000000367f      0x15f build/postcar/lib/cbmem_console.o
 .debug_loclists
                0x00000000000037de      0x228 build/postcar/lib/ext_stage_cache.o
 .debug_loclists
                0x0000000000003a06      0x1c0 build/postcar/lib/fmap.o
 .debug_loclists
                0x0000000000003bc6     0x1028 build/postcar/lib/imd.o
 .debug_loclists
                0x0000000000004bee      0x11f build/postcar/lib/imd_cbmem.o
 .debug_loclists
                0x0000000000004d0d       0x85 build/postcar/lib/lzma.o
 .debug_loclists
                0x0000000000004d92     0x111a build/postcar/lib/lzmadecode.o
 .debug_loclists
                0x0000000000005eac       0xcd build/postcar/lib/memcmp.o
 .debug_loclists
                0x0000000000005f79       0x63 build/postcar/lib/prog_loaders.o
 .debug_loclists
                0x0000000000005fdc       0x3c build/postcar/lib/prog_ops.o
 .debug_loclists
                0x0000000000006018      0x353 build/postcar/lib/rmodule.o
 .debug_loclists
                0x000000000000636b       0x55 build/postcar/lib/romstage_handoff.o
 .debug_loclists
                0x00000000000063c0      0x468 build/postcar/lib/string.o
 .debug_loclists
                0x0000000000006828      0x1d6 build/postcar/lib/timestamp.o
 .debug_loclists
                0x00000000000069fe       0xb6 build/postcar/northbridge/intel/sandybridge/memmap.o
 .debug_loclists
                0x0000000000006ab4      0x544 /home/brandenpalmer/coreboot/util/crossgcc/xgcc/lib/gcc/i386-elf/11.2.0/libgcc.a(_udivdi3.o)
 .debug_loclists
                0x0000000000006ff8      0x474 /home/brandenpalmer/coreboot/util/crossgcc/xgcc/lib/gcc/i386-elf/11.2.0/libgcc.a(_udivmoddi4.o)

.debug_aranges  0x0000000000000000      0xd80
 .debug_aranges
                0x0000000000000000       0x28 build/postcar/arch/x86/boot.o
 .debug_aranges
                0x0000000000000028       0x38 build/postcar/arch/x86/cf9_reset.o
 .debug_aranges
                0x0000000000000060       0x20 build/postcar/arch/x86/exit_car.o
 .debug_aranges
                0x0000000000000080       0x20 build/postcar/arch/x86/gdt_init.o
 .debug_aranges
                0x00000000000000a0       0x20 build/postcar/arch/x86/memcpy.o
 .debug_aranges
                0x00000000000000c0       0x20 build/postcar/arch/x86/memmove.o
 .debug_aranges
                0x00000000000000e0       0x20 build/postcar/arch/x86/memset.o
 .debug_aranges
                0x0000000000000100       0x28 build/postcar/arch/x86/mmap_boot.o
 .debug_aranges
                0x0000000000000128       0x20 build/postcar/arch/x86/post.o
 .debug_aranges
                0x0000000000000148       0x28 build/postcar/arch/x86/postcar.o
 .debug_aranges
                0x0000000000000170       0x28 build/postcar/arch/x86/timestamp.o
 .debug_aranges
                0x0000000000000198       0x38 build/postcar/commonlib/bsd/cbfs_mcache.o
 .debug_aranges
                0x00000000000001d0       0x48 build/postcar/commonlib/bsd/cbfs_private.o
 .debug_aranges
                0x0000000000000218       0x38 build/postcar/commonlib/bsd/lz4_wrapper.o
 .debug_aranges
                0x0000000000000250       0x28 build/postcar/commonlib/mem_pool.o
 .debug_aranges
                0x0000000000000278      0x130 build/postcar/commonlib/region.o
 .debug_aranges
                0x00000000000003a8       0x38 build/postcar/console/console.o
 .debug_aranges
                0x00000000000003e0       0x28 build/postcar/console/die.o
 .debug_aranges
                0x0000000000000408       0x28 build/postcar/console/init.o
 .debug_aranges
                0x0000000000000430       0x28 build/postcar/console/post.o
 .debug_aranges
                0x0000000000000458       0x60 build/postcar/console/printk.o
 .debug_aranges
                0x00000000000004b8       0x28 build/postcar/console/vtxprintf.o
 .debug_aranges
                0x00000000000004e0       0x20 build/postcar/cpu/intel/car/non-evict/exit_car.o
 .debug_aranges
                0x0000000000000500       0x38 build/postcar/cpu/intel/common/fsb.o
 .debug_aranges
                0x0000000000000538       0x20 build/postcar/cpu/x86/lapic/boot_cpu.o
 .debug_aranges
                0x0000000000000558       0x20 build/postcar/cpu/x86/mtrr/debug.o
 .debug_aranges
                0x0000000000000578       0x30 build/postcar/cpu/x86/smm/tseg_region.o
 .debug_aranges
                0x00000000000005a8       0x30 build/postcar/cpu/x86/tsc/delay_tsc.o
 .debug_aranges
                0x00000000000005d8       0x38 build/postcar/device/pci_ops.o
 .debug_aranges
                0x0000000000000610       0x38 build/postcar/drivers/usb/console.o
 .debug_aranges
                0x0000000000000648       0xa0 build/postcar/drivers/usb/ehci_debug.o
 .debug_aranges
                0x00000000000006e8       0x38 build/postcar/lib/boot_device.o
 .debug_aranges
                0x0000000000000720       0x80 build/postcar/lib/cbfs.o
 .debug_aranges
                0x00000000000007a0       0x20 build/postcar/lib/cbmem_common.o
 .debug_aranges
                0x00000000000007c0       0x30 build/postcar/lib/cbmem_console.o
 .debug_aranges
                0x00000000000007f0       0x40 build/postcar/lib/ext_stage_cache.o
 .debug_aranges
                0x0000000000000830       0x60 build/postcar/lib/fmap.o
 .debug_aranges
                0x0000000000000890       0x38 build/postcar/lib/gcc.o
 .debug_aranges
                0x00000000000008c8       0x20 build/postcar/lib/halt.o
 .debug_aranges
                0x00000000000008e8       0xd8 build/postcar/lib/imd.o
 .debug_aranges
                0x00000000000009c0       0x98 build/postcar/lib/imd_cbmem.o
 .debug_aranges
                0x0000000000000a58       0x20 build/postcar/lib/lzma.o
 .debug_aranges
                0x0000000000000a78       0x28 build/postcar/lib/lzmadecode.o
 .debug_aranges
                0x0000000000000aa0       0x20 build/postcar/lib/memcmp.o
 .debug_aranges
                0x0000000000000ac0       0x38 build/postcar/lib/prog_loaders.o
 .debug_aranges
                0x0000000000000af8       0x38 build/postcar/lib/prog_ops.o
 .debug_aranges
                0x0000000000000b30       0x20 build/postcar/lib/reset.o
 .debug_aranges
                0x0000000000000b50       0x60 build/postcar/lib/rmodule.o
 .debug_aranges
                0x0000000000000bb0       0x28 build/postcar/lib/romstage_handoff.o
 .debug_aranges
                0x0000000000000bd8       0xa0 build/postcar/lib/string.o
 .debug_aranges
                0x0000000000000c78       0x58 build/postcar/lib/timestamp.o
 .debug_aranges
                0x0000000000000cd0       0x18 build/postcar/lib/version.o
 .debug_aranges
                0x0000000000000ce8       0x38 build/postcar/northbridge/intel/sandybridge/memmap.o
 .debug_aranges
                0x0000000000000d20       0x20 build/postcar/southbridge/intel/common/reset.o
 .debug_aranges
                0x0000000000000d40       0x20 /home/brandenpalmer/coreboot/util/crossgcc/xgcc/lib/gcc/i386-elf/11.2.0/libgcc.a(_udivdi3.o)
 .debug_aranges
                0x0000000000000d60       0x20 /home/brandenpalmer/coreboot/util/crossgcc/xgcc/lib/gcc/i386-elf/11.2.0/libgcc.a(_udivmoddi4.o)

.debug_rnglists
                0x0000000000000000     0x125a
 .debug_rnglists
                0x0000000000000000       0x19 build/postcar/arch/x86/boot.o
 .debug_rnglists
                0x0000000000000019       0x25 build/postcar/arch/x86/cf9_reset.o
 .debug_rnglists
                0x000000000000003e       0x13 build/postcar/arch/x86/memcpy.o
 .debug_rnglists
                0x0000000000000051       0x14 build/postcar/arch/x86/memmove.o
 .debug_rnglists
                0x0000000000000065       0x13 build/postcar/arch/x86/memset.o
 .debug_rnglists
                0x0000000000000078       0x19 build/postcar/arch/x86/mmap_boot.o
 .debug_rnglists
                0x0000000000000091       0x13 build/postcar/arch/x86/post.o
 .debug_rnglists
                0x00000000000000a4       0x19 build/postcar/arch/x86/postcar.o
 .debug_rnglists
                0x00000000000000bd       0x31 build/postcar/arch/x86/timestamp.o
 .debug_rnglists
                0x00000000000000ee       0x5d build/postcar/commonlib/bsd/cbfs_mcache.o
 .debug_rnglists
                0x000000000000014b      0x109 build/postcar/commonlib/bsd/cbfs_private.o
 .debug_rnglists
                0x0000000000000254       0xdd build/postcar/commonlib/bsd/lz4_wrapper.o
 .debug_rnglists
                0x0000000000000331       0x19 build/postcar/commonlib/mem_pool.o
 .debug_rnglists
                0x000000000000034a      0x196 build/postcar/commonlib/region.o
 .debug_rnglists
                0x00000000000004e0       0x55 build/postcar/console/console.o
 .debug_rnglists
                0x0000000000000535       0x19 build/postcar/console/die.o
 .debug_rnglists
                0x000000000000054e       0x31 build/postcar/console/init.o
 .debug_rnglists
                0x000000000000057f       0x19 build/postcar/console/post.o
 .debug_rnglists
                0x0000000000000598       0x68 build/postcar/console/printk.o
 .debug_rnglists
                0x0000000000000600       0x27 build/postcar/console/vtxprintf.o
 .debug_rnglists
                0x0000000000000627       0x6c build/postcar/cpu/intel/common/fsb.o
 .debug_rnglists
                0x0000000000000693       0x13 build/postcar/cpu/x86/lapic/boot_cpu.o
 .debug_rnglists
                0x00000000000006a6       0x13 build/postcar/cpu/x86/mtrr/debug.o
 .debug_rnglists
                0x00000000000006b9       0x20 build/postcar/cpu/x86/smm/tseg_region.o
 .debug_rnglists
                0x00000000000006d9       0x74 build/postcar/cpu/x86/tsc/delay_tsc.o
 .debug_rnglists
                0x000000000000074d       0x59 build/postcar/device/pci_ops.o
 .debug_rnglists
                0x00000000000007a6       0x4f build/postcar/drivers/usb/console.o
 .debug_rnglists
                0x00000000000007f5      0x121 build/postcar/drivers/usb/ehci_debug.o
 .debug_rnglists
                0x0000000000000916       0x25 build/postcar/lib/boot_device.o
 .debug_rnglists
                0x000000000000093b      0x100 build/postcar/lib/cbfs.o
 .debug_rnglists
                0x0000000000000a3b       0x13 build/postcar/lib/cbmem_common.o
 .debug_rnglists
                0x0000000000000a4e       0x2c build/postcar/lib/cbmem_console.o
 .debug_rnglists
                0x0000000000000a7a       0x49 build/postcar/lib/ext_stage_cache.o
 .debug_rnglists
                0x0000000000000ac3       0x85 build/postcar/lib/fmap.o
 .debug_rnglists
                0x0000000000000b48       0x25 build/postcar/lib/gcc.o
 .debug_rnglists
                0x0000000000000b6d       0x13 build/postcar/lib/halt.o
 .debug_rnglists
                0x0000000000000b80      0x213 build/postcar/lib/imd.o
 .debug_rnglists
                0x0000000000000d93       0x6f build/postcar/lib/imd_cbmem.o
 .debug_rnglists
                0x0000000000000e02       0x14 build/postcar/lib/lzma.o
 .debug_rnglists
                0x0000000000000e16       0xda build/postcar/lib/lzmadecode.o
 .debug_rnglists
                0x0000000000000ef0       0x13 build/postcar/lib/memcmp.o
 .debug_rnglists
                0x0000000000000f03       0x32 build/postcar/lib/prog_loaders.o
 .debug_rnglists
                0x0000000000000f35       0x25 build/postcar/lib/prog_ops.o
 .debug_rnglists
                0x0000000000000f5a       0x13 build/postcar/lib/reset.o
 .debug_rnglists
                0x0000000000000f6d       0xfc build/postcar/lib/rmodule.o
 .debug_rnglists
                0x0000000000001069       0x28 build/postcar/lib/romstage_handoff.o
 .debug_rnglists
                0x0000000000001091       0x73 build/postcar/lib/string.o
 .debug_rnglists
                0x0000000000001104       0x93 build/postcar/lib/timestamp.o
 .debug_rnglists
                0x0000000000001197       0x6d build/postcar/northbridge/intel/sandybridge/memmap.o
 .debug_rnglists
                0x0000000000001204       0x13 build/postcar/southbridge/intel/common/reset.o
 .debug_rnglists
                0x0000000000001217       0x27 /home/brandenpalmer/coreboot/util/crossgcc/xgcc/lib/gcc/i386-elf/11.2.0/libgcc.a(_udivdi3.o)
 .debug_rnglists
                0x000000000000123e       0x1c /home/brandenpalmer/coreboot/util/crossgcc/xgcc/lib/gcc/i386-elf/11.2.0/libgcc.a(_udivmoddi4.o)

.debug_line     0x0000000000000000     0x94de
 .debug_line    0x0000000000000000       0xf2 build/postcar/arch/x86/boot.o
 .debug_line    0x00000000000000f2      0x15f build/postcar/arch/x86/cf9_reset.o
 .debug_line    0x0000000000000251       0x79 build/postcar/arch/x86/exit_car.o
 .debug_line    0x00000000000002ca       0x4a build/postcar/arch/x86/gdt_init.o
 .debug_line    0x0000000000000314       0x7a build/postcar/arch/x86/memcpy.o
 .debug_line    0x000000000000038e       0x6e build/postcar/arch/x86/memmove.o
 .debug_line    0x00000000000003fc       0xb7 build/postcar/arch/x86/memset.o
 .debug_line    0x00000000000004b3       0xa1 build/postcar/arch/x86/mmap_boot.o
 .debug_line    0x0000000000000554       0x73 build/postcar/arch/x86/post.o
 .debug_line    0x00000000000005c7       0xc4 build/postcar/arch/x86/postcar.o
 .debug_line    0x000000000000068b       0xc2 build/postcar/arch/x86/timestamp.o
 .debug_line    0x000000000000074d      0x3e9 build/postcar/commonlib/bsd/cbfs_mcache.o
 .debug_line    0x0000000000000b36      0x66c build/postcar/commonlib/bsd/cbfs_private.o
 .debug_line    0x00000000000011a2      0x50a build/postcar/commonlib/bsd/lz4_wrapper.o
 .debug_line    0x00000000000016ac      0x100 build/postcar/commonlib/mem_pool.o
 .debug_line    0x00000000000017ac      0xa8f build/postcar/commonlib/region.o
 .debug_line    0x000000000000223b      0x1c6 build/postcar/console/console.o
 .debug_line    0x0000000000002401       0x84 build/postcar/console/die.o
 .debug_line    0x0000000000002485       0xff build/postcar/console/init.o
 .debug_line    0x0000000000002584       0x7f build/postcar/console/post.o
 .debug_line    0x0000000000002603      0x276 build/postcar/console/printk.o
 .debug_line    0x0000000000002879      0x656 build/postcar/console/vtxprintf.o
 .debug_line    0x0000000000002ecf       0x5a build/postcar/cpu/intel/car/non-evict/exit_car.o
 .debug_line    0x0000000000002f29      0x390 build/postcar/cpu/intel/common/fsb.o
 .debug_line    0x00000000000032b9       0x76 build/postcar/cpu/x86/lapic/boot_cpu.o
 .debug_line    0x000000000000332f       0x53 build/postcar/cpu/x86/mtrr/debug.o
 .debug_line    0x0000000000003382      0x1a1 build/postcar/cpu/x86/smm/tseg_region.o
 .debug_line    0x0000000000003523      0x23e build/postcar/cpu/x86/tsc/delay_tsc.o
 .debug_line    0x0000000000003761      0x209 build/postcar/device/pci_ops.o
 .debug_line    0x000000000000396a      0x1db build/postcar/drivers/usb/console.o
 .debug_line    0x0000000000003b45      0x96c build/postcar/drivers/usb/ehci_debug.o
 .debug_line    0x00000000000044b1      0x12d build/postcar/lib/boot_device.o
 .debug_line    0x00000000000045de      0x88a build/postcar/lib/cbfs.o
 .debug_line    0x0000000000004e68       0x89 build/postcar/lib/cbmem_common.o
 .debug_line    0x0000000000004ef1      0x21c build/postcar/lib/cbmem_console.o
 .debug_line    0x000000000000510d      0x387 build/postcar/lib/ext_stage_cache.o
 .debug_line    0x0000000000005494      0x4a2 build/postcar/lib/fmap.o
 .debug_line    0x0000000000005936       0x82 build/postcar/lib/gcc.o
 .debug_line    0x00000000000059b8       0x5d build/postcar/lib/halt.o
 .debug_line    0x0000000000005a15      0xef2 build/postcar/lib/imd.o
 .debug_line    0x0000000000006907      0x3ae build/postcar/lib/imd_cbmem.o
 .debug_line    0x0000000000006cb5       0xf6 build/postcar/lib/lzma.o
 .debug_line    0x0000000000006dab      0xe5c build/postcar/lib/lzmadecode.o
 .debug_line    0x0000000000007c07       0x8c build/postcar/lib/memcmp.o
 .debug_line    0x0000000000007c93      0x1f3 build/postcar/lib/prog_loaders.o
 .debug_line    0x0000000000007e86       0xc4 build/postcar/lib/prog_ops.o
 .debug_line    0x0000000000007f4a       0x9e build/postcar/lib/reset.o
 .debug_line    0x0000000000007fe8      0x58b build/postcar/lib/rmodule.o
 .debug_line    0x0000000000008573      0x12c build/postcar/lib/romstage_handoff.o
 .debug_line    0x000000000000869f      0x517 build/postcar/lib/string.o
 .debug_line    0x0000000000008bb6      0x389 build/postcar/lib/timestamp.o
 .debug_line    0x0000000000008f3f       0x43 build/postcar/lib/version.o
 .debug_line    0x0000000000008f82      0x1b6 build/postcar/northbridge/intel/sandybridge/memmap.o
 .debug_line    0x0000000000009138       0x5c build/postcar/southbridge/intel/common/reset.o
 .debug_line    0x0000000000009194      0x171 /home/brandenpalmer/coreboot/util/crossgcc/xgcc/lib/gcc/i386-elf/11.2.0/libgcc.a(_udivdi3.o)
 .debug_line    0x0000000000009305      0x1d9 /home/brandenpalmer/coreboot/util/crossgcc/xgcc/lib/gcc/i386-elf/11.2.0/libgcc.a(_udivmoddi4.o)

.debug_str      0x0000000000000000     0x6ef1
 .debug_str     0x0000000000000000      0x3ef build/postcar/arch/x86/boot.o
                                        0x451 (size before relaxing)
 .debug_str     0x00000000000003ef       0x88 build/postcar/arch/x86/cf9_reset.o
                                        0x23c (size before relaxing)
 .debug_str     0x0000000000000477       0x34 build/postcar/arch/x86/exit_car.o
 .debug_str     0x00000000000004ab        0xb build/postcar/arch/x86/gdt_init.o
                                         0x34 (size before relaxing)
 .debug_str     0x00000000000004b6        0xc build/postcar/arch/x86/memcpy.o
                                        0x1a3 (size before relaxing)
 .debug_str     0x00000000000004c2        0x8 build/postcar/arch/x86/memmove.o
                                        0x1a4 (size before relaxing)
 .debug_str     0x00000000000004ca       0x20 build/postcar/arch/x86/memset.o
                                        0x1b7 (size before relaxing)
 .debug_str     0x00000000000004ea       0xa0 build/postcar/arch/x86/mmap_boot.o
                                        0x299 (size before relaxing)
 .debug_str     0x000000000000058a        0xf build/postcar/arch/x86/post.o
                                        0x1c0 (size before relaxing)
 .debug_str     0x0000000000000599      0xaae build/postcar/arch/x86/postcar.o
                                        0xc59 (size before relaxing)
 .debug_str     0x0000000000001047       0x79 build/postcar/arch/x86/timestamp.o
                                        0x23d (size before relaxing)
 .debug_str     0x00000000000010c0      0x348 build/postcar/commonlib/bsd/cbfs_mcache.o
                                        0x5a0 (size before relaxing)
 .debug_str     0x0000000000001408      0x37b build/postcar/commonlib/bsd/cbfs_private.o
                                        0xa76 (size before relaxing)
 .debug_str     0x0000000000001783      0x265 build/postcar/commonlib/bsd/lz4_wrapper.o
                                        0x468 (size before relaxing)
 .debug_str     0x00000000000019e8       0x47 build/postcar/commonlib/mem_pool.o
                                        0x1fa (size before relaxing)
 .debug_str     0x0000000000001a2f      0x3cf build/postcar/commonlib/region.o
                                        0x6fb (size before relaxing)
 .debug_str     0x0000000000001dfe      0x1cf build/postcar/console/console.o
                                        0x3e2 (size before relaxing)
 .debug_str     0x0000000000001fcd       0x25 build/postcar/console/die.o
                                        0x1c1 (size before relaxing)
 .debug_str     0x0000000000001ff2       0xdf build/postcar/console/init.o
                                        0x2b3 (size before relaxing)
 .debug_str     0x00000000000020d1        0xf build/postcar/console/post.o
                                        0x1c0 (size before relaxing)
 .debug_str     0x00000000000020e0      0x162 build/postcar/console/printk.o
                                        0x3db (size before relaxing)
 .debug_str     0x0000000000002242       0x5f build/postcar/console/vtxprintf.o
                                        0x253 (size before relaxing)
 .debug_str     0x00000000000022a1       0x34 build/postcar/cpu/intel/car/non-evict/exit_car.o
 .debug_str     0x00000000000022a1       0xd8 build/postcar/cpu/intel/common/fsb.o
                                        0x2b1 (size before relaxing)
 .debug_str     0x0000000000002379      0x1bd build/postcar/cpu/x86/lapic/boot_cpu.o
 .debug_str     0x0000000000002379      0x19e build/postcar/cpu/x86/mtrr/debug.o
 .debug_str     0x0000000000002379       0xb3 build/postcar/cpu/x86/smm/tseg_region.o
                                        0x292 (size before relaxing)
 .debug_str     0x000000000000242c       0xbd build/postcar/cpu/x86/tsc/delay_tsc.o
                                        0x2eb (size before relaxing)
 .debug_str     0x00000000000024e9       0xe6 build/postcar/device/pci_ops.o
                                        0x29f (size before relaxing)
 .debug_str     0x00000000000025cf       0xf2 build/postcar/drivers/usb/console.o
                                        0x2c3 (size before relaxing)
 .debug_str     0x00000000000026c1      0x2ad build/postcar/drivers/usb/ehci_debug.o
                                        0x590 (size before relaxing)
 .debug_str     0x000000000000296e       0xbb build/postcar/lib/boot_device.o
                                        0x2f3 (size before relaxing)
 .debug_str     0x0000000000002a29     0x299c build/postcar/lib/cbfs.o
                                       0x3e0c (size before relaxing)
 .debug_str     0x00000000000053c5       0x60 build/postcar/lib/cbmem_common.o
                                        0x22b (size before relaxing)
 .debug_str     0x0000000000005425      0x111 build/postcar/lib/cbmem_console.o
                                        0x31c (size before relaxing)
 .debug_str     0x0000000000005536      0x24d build/postcar/lib/ext_stage_cache.o
                                        0x7ba (size before relaxing)
 .debug_str     0x0000000000005783      0x1d8 build/postcar/lib/fmap.o
                                       0x2bf1 (size before relaxing)
 .debug_str     0x000000000000595b       0x84 build/postcar/lib/gcc.o
                                        0x214 (size before relaxing)
 .debug_str     0x00000000000059df      0x106 build/postcar/lib/halt.o
 .debug_str     0x00000000000059df      0x355 build/postcar/lib/imd.o
                                        0x651 (size before relaxing)
 .debug_str     0x0000000000005d34      0x670 build/postcar/lib/imd_cbmem.o
                                        0xa08 (size before relaxing)
 .debug_str     0x00000000000063a4       0x9b build/postcar/lib/lzma.o
                                        0x296 (size before relaxing)
 .debug_str     0x000000000000643f      0x139 build/postcar/lib/lzmadecode.o
                                        0x37d (size before relaxing)
 .debug_str     0x0000000000006578        0xa build/postcar/lib/memcmp.o
                                        0x161 (size before relaxing)
 .debug_str     0x0000000000006582      0x108 build/postcar/lib/prog_loaders.o
                                       0x1005 (size before relaxing)
 .debug_str     0x000000000000668a       0x3e build/postcar/lib/prog_ops.o
                                        0x46f (size before relaxing)
 .debug_str     0x00000000000066c8        0xf build/postcar/lib/reset.o
                                        0x1ee (size before relaxing)
 .debug_str     0x00000000000066d7      0x28f build/postcar/lib/rmodule.o
                                        0xae8 (size before relaxing)
 .debug_str     0x0000000000006966       0x61 build/postcar/lib/romstage_handoff.o
                                        0x26a (size before relaxing)
 .debug_str     0x00000000000069c7       0xa4 build/postcar/lib/string.o
                                        0x28f (size before relaxing)
 .debug_str     0x0000000000006a6b      0x18b build/postcar/lib/timestamp.o
                                        0xe93 (size before relaxing)
 .debug_str     0x0000000000006bf6       0xdf build/postcar/lib/version.o
                                        0x249 (size before relaxing)
 .debug_str     0x0000000000006cd5      0x119 build/postcar/northbridge/intel/sandybridge/memmap.o
                                        0x34a (size before relaxing)
 .debug_str     0x0000000000006dee      0x11d build/postcar/southbridge/intel/common/reset.o
 .debug_str     0x0000000000006dee      0x103 /home/brandenpalmer/coreboot/util/crossgcc/xgcc/lib/gcc/i386-elf/11.2.0/libgcc.a(_udivdi3.o)
                                        0x1d4 (size before relaxing)
 .debug_str     0x0000000000006ef1      0x1ca /home/brandenpalmer/coreboot/util/crossgcc/xgcc/lib/gcc/i386-elf/11.2.0/libgcc.a(_udivmoddi4.o)

.debug_line_str
                0x0000000000000000      0xad8
 .debug_line_str
                0x0000000000000000       0xbc build/postcar/arch/x86/boot.o
                                         0xfe (size before relaxing)
 .debug_line_str
                0x00000000000000bc       0x6f build/postcar/arch/x86/cf9_reset.o
                                        0x123 (size before relaxing)
 .debug_line_str
                0x000000000000012b        0xb build/postcar/arch/x86/exit_car.o
                                         0x30 (size before relaxing)
 .debug_line_str
                0x0000000000000136        0xb build/postcar/arch/x86/gdt_init.o
                                         0x30 (size before relaxing)
 .debug_line_str
                0x0000000000000141       0x16 build/postcar/arch/x86/memcpy.o
                                         0x91 (size before relaxing)
 .debug_line_str
                0x0000000000000157       0x17 build/postcar/arch/x86/memmove.o
                                         0x94 (size before relaxing)
 .debug_line_str
                0x000000000000016e       0x16 build/postcar/arch/x86/memset.o
                                         0x9a (size before relaxing)
 .debug_line_str
                0x0000000000000184       0x54 build/postcar/arch/x86/mmap_boot.o
                                         0xde (size before relaxing)
 .debug_line_str
                0x00000000000001d8       0x14 build/postcar/arch/x86/post.o
                                         0xaa (size before relaxing)
 .debug_line_str
                0x00000000000001ec       0x49 build/postcar/arch/x86/postcar.o
                                        0x12a (size before relaxing)
 .debug_line_str
                0x0000000000000235       0x1f build/postcar/arch/x86/timestamp.o
                                         0xeb (size before relaxing)
 .debug_line_str
                0x0000000000000254       0xb5 build/postcar/commonlib/bsd/cbfs_mcache.o
                                        0x1bc (size before relaxing)
 .debug_line_str
                0x0000000000000309       0x45 build/postcar/commonlib/bsd/cbfs_private.o
                                        0x1e3 (size before relaxing)
 .debug_line_str
                0x000000000000034e       0x2a build/postcar/commonlib/bsd/lz4_wrapper.o
                                         0xd4 (size before relaxing)
 .debug_line_str
                0x0000000000000378       0x32 build/postcar/commonlib/mem_pool.o
                                         0xce (size before relaxing)
 .debug_line_str
                0x00000000000003aa       0x17 build/postcar/commonlib/region.o
                                         0xda (size before relaxing)
 .debug_line_str
                0x00000000000003c1       0x7d build/postcar/console/console.o
                                        0x109 (size before relaxing)
 .debug_line_str
                0x000000000000043e       0x1b build/postcar/console/die.o
                                         0xaa (size before relaxing)
 .debug_line_str
                0x0000000000000459       0x30 build/postcar/console/init.o
                                         0xba (size before relaxing)
 .debug_line_str
                0x0000000000000489       0x13 build/postcar/console/post.o
                                         0x88 (size before relaxing)
 .debug_line_str
                0x000000000000049c       0x72 build/postcar/console/printk.o
                                        0x12c (size before relaxing)
 .debug_line_str
                0x000000000000050e       0x20 build/postcar/console/vtxprintf.o
                                         0xb1 (size before relaxing)
 .debug_line_str
                0x000000000000052e       0x1c build/postcar/cpu/intel/car/non-evict/exit_car.o
                                         0x4e (size before relaxing)
 .debug_line_str
                0x000000000000054a       0x3c build/postcar/cpu/intel/common/fsb.o
                                         0xf8 (size before relaxing)
 .debug_line_str
                0x0000000000000586       0x2f build/postcar/cpu/x86/lapic/boot_cpu.o
                                         0xab (size before relaxing)
 .debug_line_str
                0x00000000000005b5       0x2a build/postcar/cpu/x86/mtrr/debug.o
                                         0x85 (size before relaxing)
 .debug_line_str
                0x00000000000005df       0x34 build/postcar/cpu/x86/smm/tseg_region.o
                                         0xf3 (size before relaxing)
 .debug_line_str
                0x0000000000000613       0x2c build/postcar/cpu/x86/tsc/delay_tsc.o
                                         0xee (size before relaxing)
 .debug_line_str
                0x000000000000063f       0x4d build/postcar/device/pci_ops.o
                                         0xe3 (size before relaxing)
 .debug_line_str
                0x000000000000068c       0x37 build/postcar/drivers/usb/console.o
                                         0xaa (size before relaxing)
 .debug_line_str
                0x00000000000006c3       0x35 build/postcar/drivers/usb/ehci_debug.o
                                        0x11a (size before relaxing)
 .debug_line_str
                0x00000000000006f8       0x2c build/postcar/lib/boot_device.o
                                         0xc8 (size before relaxing)
 .debug_line_str
                0x0000000000000724       0x64 build/postcar/lib/cbfs.o
                                        0x253 (size before relaxing)
 .debug_line_str
                0x0000000000000788       0x17 build/postcar/lib/cbmem_common.o
                                         0xaf (size before relaxing)
 .debug_line_str
                0x000000000000079f       0x18 build/postcar/lib/cbmem_console.o
                                         0xa8 (size before relaxing)
 .debug_line_str
                0x00000000000007b7       0x2e build/postcar/lib/ext_stage_cache.o
                                        0x16f (size before relaxing)
 .debug_line_str
                0x00000000000007e5       0x21 build/postcar/lib/fmap.o
                                        0x182 (size before relaxing)
 .debug_line_str
                0x0000000000000806        0xe build/postcar/lib/gcc.o
                                         0x64 (size before relaxing)
 .debug_line_str
                0x0000000000000814       0x15 build/postcar/lib/halt.o
                                         0x87 (size before relaxing)
 .debug_line_str
                0x0000000000000829       0x1c build/postcar/lib/imd.o
                                         0xc7 (size before relaxing)
 .debug_line_str
                0x0000000000000845       0x2f build/postcar/lib/imd_cbmem.o
                                        0x11f (size before relaxing)
 .debug_line_str
                0x0000000000000874       0x1c build/postcar/lib/lzma.o
                                         0xb0 (size before relaxing)
 .debug_line_str
                0x0000000000000890       0x15 build/postcar/lib/lzmadecode.o
                                         0x9b (size before relaxing)
 .debug_line_str
                0x00000000000008a5       0x11 build/postcar/lib/memcmp.o
                                         0x82 (size before relaxing)
 .debug_line_str
                0x00000000000008b6       0x34 build/postcar/lib/prog_loaders.o
                                        0x1ae (size before relaxing)
 .debug_line_str
                0x00000000000008ea       0x13 build/postcar/lib/prog_ops.o
                                         0xdd (size before relaxing)
 .debug_line_str
                0x00000000000008fd       0x10 build/postcar/lib/reset.o
                                         0xe1 (size before relaxing)
 .debug_line_str
                0x000000000000090d       0x21 build/postcar/lib/rmodule.o
                                        0x1a3 (size before relaxing)
 .debug_line_str
                0x000000000000092e       0x1b build/postcar/lib/romstage_handoff.o
                                         0xd8 (size before relaxing)
 .debug_line_str
                0x0000000000000949       0x11 build/postcar/lib/string.o
                                         0x93 (size before relaxing)
 .debug_line_str
                0x000000000000095a       0x14 build/postcar/lib/timestamp.o
                                        0x119 (size before relaxing)
 .debug_line_str
                0x000000000000096e       0x12 build/postcar/lib/version.o
                                         0x86 (size before relaxing)
 .debug_line_str
                0x0000000000000980       0x7e build/postcar/northbridge/intel/sandybridge/memmap.o
                                        0x174 (size before relaxing)
 .debug_line_str
                0x00000000000009fe       0x42 build/postcar/southbridge/intel/common/reset.o
                                         0xca (size before relaxing)
 .debug_line_str
                0x0000000000000a40       0x98 /home/brandenpalmer/coreboot/util/crossgcc/xgcc/lib/gcc/i386-elf/11.2.0/libgcc.a(_udivdi3.o)
                                        0x115 (size before relaxing)
 .debug_line_str
                0x0000000000000ad8      0x115 /home/brandenpalmer/coreboot/util/crossgcc/xgcc/lib/gcc/i386-elf/11.2.0/libgcc.a(_udivmoddi4.o)

.debug_frame    0x0000000000000000     0x3820
 .debug_frame   0x0000000000000000       0x5c build/postcar/arch/x86/boot.o
 .debug_frame   0x000000000000005c       0x6c build/postcar/arch/x86/cf9_reset.o
 .debug_frame   0x00000000000000c8       0x38 build/postcar/arch/x86/memcpy.o
 .debug_frame   0x0000000000000100       0x4c build/postcar/arch/x86/memmove.o
 .debug_frame   0x000000000000014c       0x38 build/postcar/arch/x86/memset.o
 .debug_frame   0x0000000000000184       0x34 build/postcar/arch/x86/mmap_boot.o
 .debug_frame   0x00000000000001b8       0x24 build/postcar/arch/x86/post.o
 .debug_frame   0x00000000000001dc       0x50 build/postcar/arch/x86/postcar.o
 .debug_frame   0x000000000000022c       0x40 build/postcar/arch/x86/timestamp.o
 .debug_frame   0x000000000000026c      0x1bc build/postcar/commonlib/bsd/cbfs_mcache.o
 .debug_frame   0x0000000000000428      0x2c4 build/postcar/commonlib/bsd/cbfs_private.o
 .debug_frame   0x00000000000006ec       0xe4 build/postcar/commonlib/bsd/lz4_wrapper.o
 .debug_frame   0x00000000000007d0       0x48 build/postcar/commonlib/mem_pool.o
 .debug_frame   0x0000000000000818      0x5e4 build/postcar/commonlib/region.o
 .debug_frame   0x0000000000000dfc       0xc8 build/postcar/console/console.o
 .debug_frame   0x0000000000000ec4       0x44 build/postcar/console/die.o
 .debug_frame   0x0000000000000f08       0x54 build/postcar/console/init.o
 .debug_frame   0x0000000000000f5c       0x58 build/postcar/console/post.o
 .debug_frame   0x0000000000000fb4      0x14c build/postcar/console/printk.o
 .debug_frame   0x0000000000001100      0x254 build/postcar/console/vtxprintf.o
 .debug_frame   0x0000000000001354       0xb4 build/postcar/cpu/intel/common/fsb.o
 .debug_frame   0x0000000000001408       0x24 build/postcar/cpu/x86/lapic/boot_cpu.o
 .debug_frame   0x000000000000142c       0x24 build/postcar/cpu/x86/mtrr/debug.o
 .debug_frame   0x0000000000001450      0x124 build/postcar/cpu/x86/smm/tseg_region.o
 .debug_frame   0x0000000000001574       0xa4 build/postcar/cpu/x86/tsc/delay_tsc.o
 .debug_frame   0x0000000000001618       0x9c build/postcar/device/pci_ops.o
 .debug_frame   0x00000000000016b4       0xf4 build/postcar/drivers/usb/console.o
 .debug_frame   0x00000000000017a8      0x290 build/postcar/drivers/usb/ehci_debug.o
 .debug_frame   0x0000000000001a38       0x94 build/postcar/lib/boot_device.o
 .debug_frame   0x0000000000001acc      0x4e4 build/postcar/lib/cbfs.o
 .debug_frame   0x0000000000001fb0       0x3c build/postcar/lib/cbmem_common.o
 .debug_frame   0x0000000000001fec       0xac build/postcar/lib/cbmem_console.o
 .debug_frame   0x0000000000002098      0x27c build/postcar/lib/ext_stage_cache.o
 .debug_frame   0x0000000000002314      0x344 build/postcar/lib/fmap.o
 .debug_frame   0x0000000000002658       0x54 build/postcar/lib/gcc.o
 .debug_frame   0x00000000000026ac       0x24 build/postcar/lib/halt.o
 .debug_frame   0x00000000000026d0      0x464 build/postcar/lib/imd.o
 .debug_frame   0x0000000000002b34      0x2dc build/postcar/lib/imd_cbmem.o
 .debug_frame   0x0000000000002e10       0xb0 build/postcar/lib/lzma.o
 .debug_frame   0x0000000000002ec0       0x60 build/postcar/lib/lzmadecode.o
 .debug_frame   0x0000000000002f20       0x30 build/postcar/lib/memcmp.o
 .debug_frame   0x0000000000002f50       0xe4 build/postcar/lib/prog_loaders.o
 .debug_frame   0x0000000000003034       0xa4 build/postcar/lib/prog_ops.o
 .debug_frame   0x00000000000030d8       0x30 build/postcar/lib/reset.o
 .debug_frame   0x0000000000003108      0x1fc build/postcar/lib/rmodule.o
 .debug_frame   0x0000000000003304       0xac build/postcar/lib/romstage_handoff.o
 .debug_frame   0x00000000000033b0      0x210 build/postcar/lib/string.o
 .debug_frame   0x00000000000035c0      0x19c build/postcar/lib/timestamp.o
 .debug_frame   0x000000000000375c       0x9c build/postcar/northbridge/intel/sandybridge/memmap.o
 .debug_frame   0x00000000000037f8       0x28 build/postcar/southbridge/intel/common/reset.o
